<html>
<body>
<pre>
<h1>礦ision Build Log</h1>
<h2>Tool Versions:</h2>
IDE-Version: μVision V5.14.0.0
Copyright (C) 2015 ARM Ltd and ARM Germany GmbH. All rights reserved.
License Information: 发v ASUS,  v, LIC=X9612-9ASRB-J6CQ9-4P8W0-D3ATQ-NAM0F
 
Tool Versions:
Toolchain:       MDK-ARM Standard  Version: 5.14.0.0
Toolchain Path:  D:\MDK5\ARM\ARMCC\Bin
C Compiler:      Armcc.exe V5.05 update 1 (build 106)
Assembler:       Armasm.exe V5.05 update 1 (build 106)
Linker/Locator:  ArmLink.exe V5.05 update 1 (build 106)
Library Manager: ArmAr.exe V5.05 update 1 (build 106)
Hex Converter:   FromElf.exe V5.05 update 1 (build 106)
CPU DLL:         SARMCM3.DLL V5.14.0.0
Dialog DLL:      DCM.DLL V1.13.1.0
Target DLL:      CMSIS_AGDI.dll V1.21.0.0
Dialog DLL:      TCM.DLL V1.14.4.0
 
<h2>Project:</h2>
C:\资料存储\小车工程合集\资料合集3\代码合集\STM32F411主控\USER\LED.uvprojx
Project File Date:  04/23/2023

<h2>Output:</h2>
Build target 'LED'
compiling func.c...
linking...
Program Size: Code=22920 RO-data=880 RW-data=172 ZI-data=2732  
FromELF: creating hex file...
"..\OBJ\LED.axf" - 0 Error(s), 0 Warning(s).

<h2>Collection of Component include folders:</h2>
  C:\资料存储\小车工程合集\资料合集3\代码合集\STM32F411主控\USER\RTE
  D:\MDK5\ARM\PACK\Keil\STM32F4xx_DFP\2.17.0

<h2>Collection of Component Files used:</h2>
</pre>
</body>
</html>
