Component: ARM Compiler 5.05 update 1 (build 106) Tool: armlink [4d0efa]

==============================================================================

Section Cross References

    main.o(i.main) refers to delay.o(i.delay_init) for delay_init
    main.o(i.main) refers to moto2.o(i.MOTO2_TIM3_A4950_Init) for MOTO2_TIM3_A4950_Init
    main.o(i.main) refers to usart.o(i.uart_init) for uart_init
    main.o(i.main) refers to usart2.o(i.uart2_init) for uart2_init
    main.o(i.main) refers to led.o(i.RGBLED_Init) for RGBLED_Init
    main.o(i.main) refers to led.o(i.LED_Init) for LED_Init
    main.o(i.main) refers to hcsr.o(i.HW_Init) for HW_Init
    main.o(i.main) refers to encoder.o(i.Encoder_TIM2_TIM4_TIM9_Init) for Encoder_TIM2_TIM4_TIM9_Init
    main.o(i.main) refers to timer.o(i.TIM10_IRQ_Init) for TIM10_IRQ_Init
    main.o(i.main) refers to hcsr.o(i.PUT_TEST_HW) for PUT_TEST_HW
    main.o(i.main) refers to delay.o(i.delay_ms) for delay_ms
    main.o(i.main) refers to func.o(.data) for MAX_SPEED
    main.o(i.main) refers to mission.o(.data) for MODE
    timer.o(i.TIM10_IRQ_CallBack) refers to func.o(i.mov) for mov
    timer.o(i.TIM10_IRQ_CallBack) refers to mission.o(i.OS) for OS
    timer.o(i.TIM10_IRQ_CallBack) refers to usart6.o(.bss) for u6
    timer.o(i.TIM10_IRQ_CallBack) refers to wifi.o(.data) for WIFI_FLAG
    timer.o(i.TIM10_IRQ_Init) refers to stm32f4xx_rcc.o(i.RCC_APB2PeriphClockCmd) for RCC_APB2PeriphClockCmd
    timer.o(i.TIM10_IRQ_Init) refers to stm32f4xx_tim.o(i.TIM_TimeBaseInit) for TIM_TimeBaseInit
    timer.o(i.TIM10_IRQ_Init) refers to stm32f4xx_tim.o(i.TIM_ITConfig) for TIM_ITConfig
    timer.o(i.TIM10_IRQ_Init) refers to misc.o(i.NVIC_Init) for NVIC_Init
    timer.o(i.TIM10_IRQ_Init) refers to stm32f4xx_tim.o(i.TIM_Cmd) for TIM_Cmd
    timer.o(i.TIM1_UP_TIM10_IRQHandler) refers to stm32f4xx_tim.o(i.TIM_GetITStatus) for TIM_GetITStatus
    timer.o(i.TIM1_UP_TIM10_IRQHandler) refers to stm32f4xx_tim.o(i.TIM_ClearITPendingBit) for TIM_ClearITPendingBit
    timer.o(i.TIM1_UP_TIM10_IRQHandler) refers to timer.o(i.TIM10_IRQ_CallBack) for TIM10_IRQ_CallBack
    mission.o(i.END) refers to func.o(i.RESET_ALL) for RESET_ALL
    mission.o(i.END) refers to rt_memclr_w.o(.text) for __aeabi_memclr4
    mission.o(i.END) refers to mission.o(.data) for target_step
    mission.o(i.END) refers to func.o(.data) for TARGET_NUM
    mission.o(i.END) refers to usart.o(.data) for u1
    mission.o(i.END) refers to func.o(.bss) for NUMBER
    mission.o(i.OS) refers to mission.o(i.host) for host
    mission.o(i.OS) refers to mission.o(i.slave) for slave
    mission.o(i.OS) refers to mission.o(i.END) for END
    mission.o(i.OS) refers to mission.o(.data) for MODE
    mission.o(i.host) refers to func.o(i.FUNC) for FUNC
    mission.o(i.host) refers to uart_parse.o(i.printfloat) for printfloat
    mission.o(i.host) refers to wifi.o(.data) for WIFI_FLAG
    mission.o(i.host) refers to func.o(.data) for TARGET_NUM
    mission.o(i.host) refers to func.o(.bss) for NUMBER
    mission.o(i.map2) refers to func.o(i.FUNC) for FUNC
    mission.o(i.map2) refers to uart_parse.o(i.printfloat) for printfloat
    mission.o(i.map2) refers to func.o(.bss) for NUMBER
    mission.o(i.map2) refers to func.o(.data) for TARGET_NUM
    mission.o(i.map2) refers to wifi.o(.data) for WIFI_FLAG
    mission.o(i.slave) refers to func.o(i.FUNC) for FUNC
    mission.o(i.slave) refers to func.o(.bss) for NUMBER
    mission.o(i.slave) refers to func.o(.data) for TARGET_NUM
    func.o(i.FUNC) refers to func.o(i.xgo) for xgo
    func.o(i.FUNC) refers to func.o(i.RESET_ALL) for RESET_ALL
    func.o(i.FUNC) refers to func.o(i.turn) for turn
    func.o(i.FUNC) refers to func.o(i.target_num) for target_num
    func.o(i.FUNC) refers to func.o(i.find_num1) for find_num1
    func.o(i.FUNC) refers to func.o(i.find_num2) for find_num2
    func.o(i.FUNC) refers to func.o(i.xun) for xun
    func.o(i.FUNC) refers to func.o(i.go) for go
    func.o(i.FUNC) refers to func.o(i.xmov) for xmov
    func.o(i.FUNC) refers to func.o(i.wifi_target_num) for wifi_target_num
    func.o(i.FUNC) refers to mission.o(.data) for target_step
    func.o(i.FUNC) refers to hcsr.o(.data) for PUT_TEST_FLAG
    func.o(i.FUNC) refers to func.o(.data) for TARGET_NUM
    func.o(i.FUNC) refers to usart.o(.data) for u1
    func.o(i.RESET_ALL) refers to rt_memclr_w.o(.text) for __aeabi_memclr4
    func.o(i.RESET_ALL) refers to func.o(i.go_reset) for go_reset
    func.o(i.RESET_ALL) refers to func.o(i.mov_reset) for mov_reset
    func.o(i.RESET_ALL) refers to func.o(i.xgo_reset) for xgo_reset
    func.o(i.RESET_ALL) refers to func.o(i.xun_reset) for xun_reset
    func.o(i.RESET_ALL) refers to hcsr.o(.data) for PUT_TEST_FLAG
    func.o(i.RESET_ALL) refers to func.o(.bss) for N
    func.o(i.RESET_ALL) refers to func.o(.data) for NUM_FLAG
    func.o(i.find_num2) refers to func.o(i.sum) for sum
    func.o(i.find_num2) refers to func.o(i.maxlist) for maxlist
[...]
    i.fputc                                  0x080038cc   Section        0  usart.o(i.fputc)
    i.frexp                                  0x080038f0   Section        0  frexp.o(i.frexp)
    i.go                                     0x0800397c   Section        0  func.o(i.go)
    i.go_reset                               0x08003a78   Section        0  func.o(i.go_reset)
    i.host                                   0x08003a94   Section        0  mission.o(i.host)
    i.main                                   0x0800423c   Section        0  main.o(i.main)
    i.maxlist                                0x080042a8   Section        0  func.o(i.maxlist)
    i.moto_duty1                             0x080042cc   Section        0  moto2.o(i.moto_duty1)
    i.moto_duty2                             0x080042f0   Section        0  moto2.o(i.moto_duty2)
    i.moto_duty3                             0x08004314   Section        0  moto2.o(i.moto_duty3)
    i.moto_duty4                             0x08004338   Section        0  moto2.o(i.moto_duty4)
    i.moto_go1                               0x0800435c   Section        0  moto2.o(i.moto_go1)
    i.moto_go2                               0x0800439c   Section        0  moto2.o(i.moto_go2)
    i.moto_mov1                              0x080043dc   Section        0  moto2.o(i.moto_mov1)
    i.moto_mov2                              0x08004454   Section        0  moto2.o(i.moto_mov2)
    i.moto_stop                              0x080044cc   Section        0  moto2.o(i.moto_stop)
    i.mov                                    0x08004550   Section        0  func.o(i.mov)
    i.mov_reset                              0x08004670   Section        0  func.o(i.mov_reset)
    i.myatof                                 0x0800468c   Section        0  uart_parse.o(i.myatof)
    i.pid_init3                              0x08004778   Section        0  pid.o(i.pid_init3)
    i.pid_reset                              0x08004794   Section        0  pid.o(i.pid_reset)
    i.pid_work                               0x080047a4   Section        0  pid.o(i.pid_work)
    i.printarray                             0x08004990   Section        0  uart_parse.o(i.printarray)
    i.printfloat                             0x080049b4   Section        0  uart_parse.o(i.printfloat)
    i.sbz_format                             0x080049d4   Section        0  uart_parse.o(i.sbz_format)
    i.sbz_parse                              0x08004a68   Section        0  uart_parse.o(i.sbz_parse)
    i.slave                                  0x08004ae8   Section        0  mission.o(i.slave)
    i.sum                                    0x08004ec0   Section        0  func.o(i.sum)
    i.target_num                             0x08004ed8   Section        0  func.o(i.target_num)
    i.turn                                   0x08004f30   Section        0  func.o(i.turn)
    i.uart2_init                             0x08004fa0   Section        0  usart2.o(i.uart2_init)
    i.uart_init                              0x0800504c   Section        0  usart.o(i.uart_init)
    i.wifi_target_num                        0x080050fc   Section        0  func.o(i.wifi_target_num)
    i.xgo                                    0x08005140   Section        0  func.o(i.xgo)
    i.xgo_reset                              0x080053e8   Section        0  func.o(i.xgo_reset)
    i.xmov                                   0x0800542c   Section        0  func.o(i.xmov)
    i.xun                                    0x08005430   Section        0  func.o(i.xun)
    i.xun_reset                              0x080054c0   Section        0  func.o(i.xun_reset)
    locale$$code                             0x080054dc   Section       44  lc_numeric_c.o(locale$$code)
    locale$$code                             0x08005508   Section       44  lc_ctype_c.o(locale$$code)
    x$fpl$d2f                                0x08005534   Section       98  d2f.o(x$fpl$d2f)
    $v0                                      0x08005534   Number         0  d2f.o(x$fpl$d2f)
    x$fpl$dcheck1                            0x08005598   Section       16  dcheck1.o(x$fpl$dcheck1)
    $v0                                      0x08005598   Number         0  dcheck1.o(x$fpl$dcheck1)
    x$fpl$dcmpinf                            0x080055a8   Section       24  dcmpi.o(x$fpl$dcmpinf)
    $v0                                      0x080055a8   Number         0  dcmpi.o(x$fpl$dcmpinf)
    x$fpl$deqf                               0x080055c0   Section      120  deqf.o(x$fpl$deqf)
    $v0                                      0x080055c0   Number         0  deqf.o(x$fpl$deqf)
    x$fpl$dleqf                              0x08005638   Section      120  dleqf.o(x$fpl$dleqf)
    $v0                                      0x08005638   Number         0  dleqf.o(x$fpl$dleqf)
    x$fpl$dmul                               0x080056b0   Section      340  dmul.o(x$fpl$dmul)
    $v0                                      0x080056b0   Number         0  dmul.o(x$fpl$dmul)
    x$fpl$dnaninf                            0x08005804   Section      156  dnaninf.o(x$fpl$dnaninf)
    $v0                                      0x08005804   Number         0  dnaninf.o(x$fpl$dnaninf)
    x$fpl$dretinf                            0x080058a0   Section       12  dretinf.o(x$fpl$dretinf)
    $v0                                      0x080058a0   Number         0  dretinf.o(x$fpl$dretinf)
    x$fpl$drleqf                             0x080058ac   Section      108  drleqf.o(x$fpl$drleqf)
    $v0                                      0x080058ac   Number         0  drleqf.o(x$fpl$drleqf)
    x$fpl$f2d                                0x08005918   Section       86  f2d.o(x$fpl$f2d)
    $v0                                      0x08005918   Number         0  f2d.o(x$fpl$f2d)
    x$fpl$fnaninf                            0x0800596e   Section      140  fnaninf.o(x$fpl$fnaninf)
    $v0                                      0x0800596e   Number         0  fnaninf.o(x$fpl$fnaninf)
    x$fpl$fpinit                             0x080059fa   Section       10  fpinit.o(x$fpl$fpinit)
    $v0                                      0x080059fa   Number         0  fpinit.o(x$fpl$fpinit)
    x$fpl$fretinf                            0x08005a04   Section       10  fretinf.o(x$fpl$fretinf)
    $v0                                      0x08005a04   Number         0  fretinf.o(x$fpl$fretinf)
    x$fpl$printf1                            0x08005a0e   Section        4  printf1.o(x$fpl$printf1)
    $v0                                      0x08005a0e   Number         0  printf1.o(x$fpl$printf1)
    x$fpl$retnan                             0x08005a12   Section      100  retnan.o(x$fpl$retnan)
    $v0                                      0x08005a12   Number         0  retnan.o(x$fpl$retnan)
    x$fpl$scalbn                             0x08005a76   Section       92  scalbn.o(x$fpl$scalbn)
    $v0                                      0x08005a76   Number         0  scalbn.o(x$fpl$scalbn)
    x$fpl$scanf1                             0x08005ad2   Section        4  scanf1.o(x$fpl$scanf1)
    $v0                                      0x08005ad2   Number         0  scanf1.o(x$fpl$scanf1)
    x$fpl$scanf2                             0x08005ad6   Section        8  scanf2.o(x$fpl$scanf2)
    $v0                                      0x08005ad6   Number         0  scanf2.o(x$fpl$scanf2)
    x$fpl$trapveneer                         0x08005ade   Section       48  trapv.o(x$fpl$trapveneer)
    $v0                                      0x08005ade   Number         0  trapv.o(x$fpl$trapveneer)
    x$fpl$usenofp                            0x08005b0e   Section        0  usenofp.o(x$fpl$usenofp)
    .constdata                               0x08005b10   Section      148  bigflt0.o(.constdata)
    tenpwrs_x                                0x08005b10   Data          60  bigflt0.o(.constdata)
    tenpwrs_i                                0x08005b4c   Data          64  bigflt0.o(.constdata)
    c$$dinf                                  0x08005bc4   Section        8  fpconst.o(c$$dinf)
    locale$$data                             0x08005bcc   Section       28  lc_numeric_c.o(locale$$data)
    __lcnum_c_name                           0x08005bd0   Data           2  lc_numeric_c.o(locale$$data)
    __lcnum_c_start                          0x08005bd8   Data           0  lc_numeric_c.o(locale$$data)
    __lcnum_c_point                          0x08005be4   Data           0  lc_numeric_c.o(locale$$data)
    __lcnum_c_thousands                      0x08005be6   Data           0  lc_numeric_c.o(locale$$data)
    __lcnum_c_grouping                       0x08005be7   Data           0  lc_numeric_c.o(locale$$data)
    locale$$data                             0x08005be8   Section      272  lc_ctype_c.o(locale$$data)
    __lcnum_c_end                            0x08005be8   Data           0  lc_numeric_c.o(locale$$data)
    __lcctype_c_name                         0x08005bec   Data           2  lc_ctype_c.o(locale$$data)
    __lcctype_c_start                        0x08005bf4   Data           0  lc_ctype_c.o(locale$$data)
    __lcctype_c_end                          0x08005cf8   Data           0  lc_ctype_c.o(locale$$data)
    .data                                    0x20000000   Section       12  mission.o(.data)
    .data                                    0x2000000c   Section       44  func.o(.data)
    .data                                    0x20000038   Section        4  delay.o(.data)
    fac_us                                   0x20000038   Data           1  delay.o(.data)
    fac_ms                                   0x2000003a   Data           2  delay.o(.data)
    .data                                    0x2000003c   Section       18  usart.o(.data)
    .data                                    0x20000050   Section       36  usart2.o(.data)
    .data                                    0x20000074   Section       12  usart6.o(.data)
    .data                                    0x20000080   Section       12  wifi.o(.data)
    .data                                    0x2000008c   Section       12  hcsr.o(.data)
    .data                                    0x20000098   Section        4  moto2.o(.data)
    .data                                    0x2000009c   Section       16  stm32f4xx_rcc.o(.data)
    APBAHBPrescTable                         0x2000009c   Data          16  stm32f4xx_rcc.o(.data)
    .bss                                     0x200000ac   Section      736  func.o(.bss)
    .bss                                     0x2000038c   Section       50  usart.o(.bss)
    .bss                                     0x200003c0   Section       64  usart2.o(.bss)
    .bss                                     0x20000400   Section      112  usart6.o(.bss)
    .bss                                     0x20000470   Section       50  uart_parse.o(.bss)
    .bss                                     0x200004a4   Section       80  encoder.o(.bss)
    .bss                                     0x200004f4   Section       96  libspace.o(.bss)
    HEAP                                     0x20000558   Section      512  startup_stm32f40_41xxx.o(HEAP)
    Heap_Mem                                 0x20000558   Data         512  startup_stm32f40_41xxx.o(HEAP)
    STACK                                    0x20000758   Section     1024  startup_stm32f40_41xxx.o(STACK)
    Stack_Mem                                0x20000758   Data        1024  startup_stm32f40_41xxx.o(STACK)
    __initial_sp                             0x20000b58   Data           0  startup_stm32f40_41xxx.o(STACK)

    Global Symbols

    Symbol Name                              Value     Ov Type        Size  Object(Section)

    BuildAttributes$$THM_ISAv4$E$P$D$K$B$S$7EM$VFPi3$EXTD16$VFPS$VFMA$PE$A:L22UL41UL21$X:L11$S22US41US21$IEEE1$IW$USESV6$~STKCKD$USESV7$~SHL$OTIME$ROPI$IEEEX$EBA8$UX$STANDARDLIB$REQ8$PRES8$EABIv2 0x00000000   Number         0  anon$$obj.o ABSOLUTE
    __ARM_use_no_argv                        0x00000000   Number         0  main.o ABSOLUTE
    __ARM_exceptions_init                     - Undefined Weak Reference
    __alloca_initialize                       - Undefined Weak Reference
    __arm_preinit_                            - Undefined Weak Reference
    __cpp_initialize__aeabi_                  - Undefined Weak Reference
    __cxa_finalize                            - Undefined Weak Reference
    __sigvec_lookup                           - Undefined Weak Reference
    _atexit_init                              - Undefined Weak Reference
    _call_atexit_fns                          - Undefined Weak Reference
    _clock_init                               - Undefined Weak Reference
    _fp_trap_init                             - Undefined Weak Reference
    _fp_trap_shutdown                         - Undefined Weak Reference
    _get_lc_collate                           - Undefined Weak Reference
    _get_lc_monetary                          - Undefined Weak Reference
    _get_lc_time                              - Undefined Weak Reference
    _getenv_init                              - Undefined Weak Reference
    _handle_redirection                       - Undefined Weak Reference
    _init_alloc                               - Undefined Weak Reference
    _init_user_alloc                          - Undefined Weak Reference
    _initio                                   - Undefined Weak Reference
    _mutex_acquire                            - Undefined Weak Reference
    _mutex_release                            - Undefined Weak Reference
    _printf_mbtowc                            - Undefined Weak Reference
    _printf_post_padding                      - Undefined Weak Reference
    _printf_pre_padding                       - Undefined Weak Reference
    _printf_truncate_signed                   - Undefined Weak Reference
    _printf_truncate_unsigned                 - Undefined Weak Reference
    _rand_init                                - Undefined Weak Reference
    _signal_finish                            - Undefined Weak Reference
    _signal_init                              - Undefined Weak Reference
    _terminate_alloc                          - Undefined Weak Reference
    _terminate_user_alloc                     - Undefined Weak Reference
    _terminateio                              - Undefined Weak Reference
    __Vectors_Size                           0x00000188   Number         0  startup_stm32f40_41xxx.o ABSOLUTE
    __Vectors                                0x08000000   Data           4  startup_stm32f40_41xxx.o(RESET)
    __Vectors_End                            0x08000188   Data           0  startup_stm32f40_41xxx.o(RESET)
    __main                                   0x08000189   Thumb Code     8  __main.o(!!!main)
    __scatterload                            0x08000191   Thumb Code     0  __scatter.o(!!!scatter)
    __scatterload_rt2                        0x08000191   Thumb Code    44  __scatter.o(!!!scatter)
    __scatterload_rt2_thumb_only             0x08000191   Thumb Code     0  __scatter.o(!!!scatter)
    __scatterload_null                       0x0800019f   Thumb Code     0  __scatter.o(!!!scatter)
    __scatterload_copy                       0x080001c5   Thumb Code    26  __scatter_copy.o(!!handler_copy)
    __scatterload_zeroinit                   0x080001e1   Thumb Code    28  __scatter_zi.o(!!handler_zi)
    _printf_f                                0x080001fd   Thumb Code     0  _printf_f.o(.ARM.Collect$$_printf_percent$$00000003)
    _printf_percent                          0x080001fd   Thumb Code     0  _printf_percent.o(.ARM.Collect$$_printf_percent$$00000000)
    _printf_s                                0x08000203   Thumb Code     0  _printf_s.o(.ARM.Collect$$_printf_percent$$00000014)
    _printf_percent_end                      0x08000209   Thumb Code     0  _printf_percent_end.o(.ARM.Collect$$_printf_percent$$00000017)
    __rt_lib_init                            0x0800020d   Thumb Code     0  libinit.o(.ARM.Collect$$libinit$$00000000)
    __rt_lib_init_fp_1                       0x0800020f   Thumb Code     0  libinit2.o(.ARM.Collect$$libinit$$00000001)
    __rt_lib_init_heap_1                     0x08000213   Thumb Code     0  libinit2.o(.ARM.Collect$$libinit$$0000000A)
    __rt_lib_init_lc_common                  0x08000213   Thumb Code     0  libinit2.o(.ARM.Collect$$libinit$$0000000F)
    __rt_lib_init_preinit_1                  0x08000213   Thumb Code     0  libinit2.o(.ARM.Collect$$libinit$$00000004)
    __rt_lib_init_rand_1                     0x08000213   Thumb Code     0  libinit2.o(.ARM.Collect$$libinit$$0000000E)
    __rt_lib_init_user_alloc_1               0x08000213   Thumb Code     0  libinit2.o(.ARM.Collect$$libinit$$0000000C)
    __rt_lib_init_lc_collate_1               0x08000219   Thumb Code     0  libinit2.o(.ARM.Collect$$libinit$$00000011)
    __rt_lib_init_lc_ctype_2                 0x08000219   Thumb Code     0  libinit2.o(.ARM.Collect$$libinit$$00000012)
    __rt_lib_init_lc_ctype_1                 0x08000225   Thumb Code     0  libinit2.o(.ARM.Collect$$libinit$$00000013)
    __rt_lib_init_lc_monetary_1              0x08000225   Thumb Code     0  libinit2.o(.ARM.Collect$$libinit$$00000015)
    __rt_lib_init_lc_numeric_2               0x08000225   Thumb Code     0  libinit2.o(.ARM.Collect$$libinit$$00000016)
    __rt_lib_init_alloca_1                   0x0800022f   Thumb Code     0  libinit2.o(.ARM.Collect$$libinit$$0000002E)
    __rt_lib_init_argv_1                     0x0800022f   Thumb Code     0  libinit2.o(.ARM.Collect$$libinit$$0000002C)
    __rt_lib_init_atexit_1                   0x0800022f   Thumb Code     0  libinit2.o(.ARM.Collect$$libinit$$0000001B)
    __rt_lib_init_clock_1                    0x0800022f   Thumb Code     0  libinit2.o(.ARM.Collect$$libinit$$00000021)
    __rt_lib_init_cpp_1                      0x0800022f   Thumb Code     0  libinit2.o(.ARM.Collect$$libinit$$00000032)
    __rt_lib_init_exceptions_1               0x0800022f   Thumb Code     0  libinit2.o(.ARM.Collect$$libinit$$00000030)
    __rt_lib_init_fp_trap_1                  0x0800022f   Thumb Code     0  libinit2.o(.ARM.Collect$$libinit$$0000001F)
    __rt_lib_init_getenv_1                   0x0800022f   Thumb Code     0  libinit2.o(.ARM.Collect$$libinit$$00000023)
    __rt_lib_init_lc_numeric_1               0x0800022f   Thumb Code     0  libinit2.o(.ARM.Collect$$libinit$$00000017)
    __rt_lib_init_lc_time_1                  0x0800022f   Thumb Code     0  libinit2.o(.ARM.Collect$$libinit$$00000019)
    __rt_lib_init_return                     0x0800022f   Thumb Code     0  libinit2.o(.ARM.Collect$$libinit$$00000033)
    __rt_lib_init_signal_1                   0x0800022f   Thumb Code     0  libinit2.o(.ARM.Collect$$libinit$$0000001D)
    __rt_lib_init_stdio_1                    0x0800022f   Thumb Code     0  libinit2.o(.ARM.Collect$$libinit$$00000025)
    __rt_lib_shutdown                        0x08000231   Thumb Code     0  libshutdown.o(.ARM.Collect$$libshutdown$$00000000)
    __rt_lib_shutdown_fp_trap_1              0x08000233   Thumb Code     0  libshutdown2.o(.ARM.Collect$$libshutdown$$00000006)
    __rt_lib_shutdown_heap_1                 0x08000233   Thumb Code     0  libshutdown2.o(.ARM.Collect$$libshutdown$$0000000E)
    __rt_lib_shutdown_return                 0x08000233   Thumb Code     0  libshutdown2.o(.ARM.Collect$$libshutdown$$0000000F)
    __rt_lib_shutdown_signal_1               0x08000233   Thumb Code     0  libshutdown2.o(.ARM.Collect$$libshutdown$$00000009)
    __rt_lib_shutdown_stdio_1                0x08000233   Thumb Code     0  libshutdown2.o(.ARM.Collect$$libshutdown$$00000003)
    __rt_lib_shutdown_user_alloc_1           0x08000233   Thumb Code     0  libshutdown2.o(.ARM.Collect$$libshutdown$$0000000B)
    __rt_entry                               0x08000235   Thumb Code     0  __rtentry.o(.ARM.Collect$$rtentry$$00000000)
    __rt_entry_presh_1                       0x08000235   Thumb Code     0  __rtentry2.o(.ARM.Collect$$rtentry$$00000002)
    __rt_entry_sh                            0x08000235   Thumb Code     0  __rtentry4.o(.ARM.Collect$$rtentry$$00000004)
    __rt_entry_li                            0x0800023b   Thumb Code     0  __rtentry2.o(.ARM.Collect$$rtentry$$0000000A)
    __rt_entry_postsh_1                      0x0800023b   Thumb Code     0  __rtentry2.o(.ARM.Collect$$rtentry$$00000009)
    __rt_entry_main                          0x0800023f   Thumb Code     0  __rtentry2.o(.ARM.Collect$$rtentry$$0000000D)
    __rt_entry_postli_1                      0x0800023f   Thumb Code     0  __rtentry2.o(.ARM.Collect$$rtentry$$0000000C)
    __rt_exit                                0x08000247   Thumb Code     0  rtexit.o(.ARM.Collect$$rtexit$$00000000)
    __rt_exit_ls                             0x08000249   Thumb Code     0  rtexit2.o(.ARM.Collect$$rtexit$$00000003)
    __rt_exit_prels_1                        0x08000249   Thumb Code     0  rtexit2.o(.ARM.Collect$$rtexit$$00000002)
    __rt_exit_exit                           0x0800024d   Thumb Code     0  rtexit2.o(.ARM.Collect$$rtexit$$00000004)
    Reset_Handler                            0x08000255   Thumb Code     8  startup_stm32f40_41xxx.o(.text)
    ADC_IRQHandler                           0x0800026f   Thumb Code     0  startup_stm32f40_41xxx.o(.text)
    CAN1_RX0_IRQHandler                      0x0800026f   Thumb Code     0  startup_stm32f40_41xxx.o(.text)
    CAN1_RX1_IRQHandler                      0x0800026f   Thumb Code     0  startup_stm32f40_41xxx.o(.text)
    CAN1_SCE_IRQHandler                      0x0800026f   Thumb Code     0  startup_stm32f40_41xxx.o(.text)
    CAN1_TX_IRQHandler                       0x0800026f   Thumb Code     0  startup_stm32f40_41xxx.o(.text)
    CAN2_RX0_IRQHandler                      0x0800026f   Thumb Code     0  startup_stm32f40_41xxx.o(.text)
    CAN2_RX1_IRQHandler                      0x0800026f   Thumb Code     0  startup_stm32f40_41xxx.o(.text)
    CAN2_SCE_IRQHandler                      0x0800026f   Thumb Code     0  startup_stm32f40_41xxx.o(.text)
    CAN2_TX_IRQHandler                       0x0800026f   Thumb Code     0  startup_stm32f40_41xxx.o(.text)
    CRYP_IRQHandler                          0x0800026f   Thumb Code     0  startup_stm32f40_41xxx.o(.text)
    DCMI_IRQHandler                          0x0800026f   Thumb Code     0  startup_stm32f40_41xxx.o(.text)
    DMA1_Stream0_IRQHandler                  0x0800026f   Thumb Code     0  startup_stm32f40_41xxx.o(.text)
    DMA1_Stream1_IRQHandler                  0x0800026f   Thumb Code     0  startup_stm32f40_41xxx.o(.text)
    DMA1_Stream2_IRQHandler                  0x0800026f   Thumb Code     0  startup_stm32f40_41xxx.o(.text)
    DMA1_Stream3_IRQHandler                  0x0800026f   Thumb Code     0  startup_stm32f40_41xxx.o(.text)
    DMA1_Stream4_IRQHandler                  0x0800026f   Thumb Code     0  startup_stm32f40_41xxx.o(.text)
    DMA1_Stream5_IRQHandler                  0x0800026f   Thumb Code     0  startup_stm32f40_41xxx.o(.text)
    DMA1_Stream6_IRQHandler                  0x0800026f   Thumb Code     0  startup_stm32f40_41xxx.o(.text)
    DMA1_Stream7_IRQHandler                  0x0800026f   Thumb Code     0  startup_stm32f40_41xxx.o(.text)
    DMA2_Stream0_IRQHandler                  0x0800026f   Thumb Code     0  startup_stm32f40_41xxx.o(.text)
    DMA2_Stream1_IRQHandler                  0x0800026f   Thumb Code     0  startup_stm32f40_41xxx.o(.text)
    DMA2_Stream2_IRQHandler                  0x0800026f   Thumb Code     0  startup_stm32f40_41xxx.o(.text)
    DMA2_Stream3_IRQHandler                  0x0800026f   Thumb Code     0  startup_stm32f40_41xxx.o(.text)
    DMA2_Stream4_IRQHandler                  0x0800026f   Thumb Code     0  startup_stm32f40_41xxx.o(.text)
    DMA2_Stream5_IRQHandler                  0x0800026f   Thumb Code     0  startup_stm32f40_41xxx.o(.text)
    DMA2_Stream6_IRQHandler                  0x0800026f   Thumb Code     0  startup_stm32f40_41xxx.o(.text)
    DMA2_Stream7_IRQHandler                  0x0800026f   Thumb Code     0  startup_stm32f40_41xxx.o(.text)
    ETH_IRQHandler                           0x0800026f   Thumb Code     0  startup_stm32f40_41xxx.o(.text)
    ETH_WKUP_IRQHandler                      0x0800026f   Thumb Code     0  startup_stm32f40_41xxx.o(.text)
    EXTI0_IRQHandler                         0x0800026f   Thumb Code     0  startup_stm32f40_41xxx.o(.text)
    EXTI15_10_IRQHandler                     0x0800026f   Thumb Code     0  startup_stm32f40_41xxx.o(.text)
    EXTI1_IRQHandler                         0x0800026f   Thumb Code     0  startup_stm32f40_41xxx.o(.text)
    EXTI2_IRQHandler                         0x0800026f   Thumb Code     0  startup_stm32f40_41xxx.o(.text)
    EXTI3_IRQHandler                         0x0800026f   Thumb Code     0  startup_stm32f40_41xxx.o(.text)
    EXTI4_IRQHandler                         0x0800026f   Thumb Code     0  startup_stm32f40_41xxx.o(.text)
    EXTI9_5_IRQHandler                       0x0800026f   Thumb Code     0  startup_stm32f40_41xxx.o(.text)
    FLASH_IRQHandler                         0x0800026f   Thumb Code     0  startup_stm32f40_41xxx.o(.text)
    FPU_IRQHandler                           0x0800026f   Thumb Code     0  startup_stm32f40_41xxx.o(.text)
    FSMC_IRQHandler                          0x0800026f   Thumb Code     0  startup_stm32f40_41xxx.o(.text)
    HASH_RNG_IRQHandler                      0x0800026f   Thumb Code     0  startup_stm32f40_41xxx.o(.text)
    I2C1_ER_IRQHandler                       0x0800026f   Thumb Code     0  startup_stm32f40_41xxx.o(.text)
    I2C1_EV_IRQHandler                       0x0800026f   Thumb Code     0  startup_stm32f40_41xxx.o(.text)
    I2C2_ER_IRQHandler                       0x0800026f   Thumb Code     0  startup_stm32f40_41xxx.o(.text)
    I2C2_EV_IRQHandler                       0x0800026f   Thumb Code     0  startup_stm32f40_41xxx.o(.text)
    I2C3_ER_IRQHandler                       0x0800026f   Thumb Code     0  startup_stm32f40_41xxx.o(.text)
    I2C3_EV_IRQHandler                       0x0800026f   Thumb Code     0  startup_stm32f40_41xxx.o(.text)
    OTG_FS_IRQHandler                        0x0800026f   Thumb Code     0  startup_stm32f40_41xxx.o(.text)
    OTG_FS_WKUP_IRQHandler                   0x0800026f   Thumb Code     0  startup_stm32f40_41xxx.o(.text)
    OTG_HS_EP1_IN_IRQHandler                 0x0800026f   Thumb Code     0  startup_stm32f40_41xxx.o(.text)
    OTG_HS_EP1_OUT_IRQHandler                0x0800026f   Thumb Code     0  startup_stm32f40_41xxx.o(.text)
    OTG_HS_IRQHandler                        0x0800026f   Thumb Code     0  startup_stm32f40_41xxx.o(.text)
    OTG_HS_WKUP_IRQHandler                   0x0800026f   Thumb Code     0  startup_stm32f40_41xxx.o(.text)
    PVD_IRQHandler                           0x0800026f   Thumb Code     0  startup_stm32f40_41xxx.o(.text)
    RCC_IRQHandler                           0x0800026f   Thumb Code     0  startup_stm32f40_41xxx.o(.text)
    RTC_Alarm_IRQHandler                     0x0800026f   Thumb Code     0  startup_stm32f40_41xxx.o(.text)
    RTC_WKUP_IRQHandler                      0x0800026f   Thumb Code     0  startup_stm32f40_41xxx.o(.text)
    SDIO_IRQHandler                          0x0800026f   Thumb Code     0  startup_stm32f40_41xxx.o(.text)
    SPI1_IRQHandler                          0x0800026f   Thumb Code     0  startup_stm32f40_41xxx.o(.text)
    SPI2_IRQHandler                          0x0800026f   Thumb Code     0  startup_stm32f40_41xxx.o(.text)
    SPI3_IRQHandler                          0x0800026f   Thumb Code     0  startup_stm32f40_41xxx.o(.text)
    TAMP_STAMP_IRQHandler                    0x0800026f   Thumb Code     0  startup_stm32f40_41xxx.o(.text)
    TIM1_CC_IRQHandler                       0x0800026f   Thumb Code     0  startup_stm32f40_41xxx.o(.text)
    TIM2_IRQHandler                          0x0800026f   Thumb Code     0  startup_stm32f40_41xxx.o(.text)
    TIM3_IRQHandler                          0x0800026f   Thumb Code     0  startup_stm32f40_41xxx.o(.text)
    TIM4_IRQHandler                          0x0800026f   Thumb Code     0  startup_stm32f40_41xxx.o(.text)
    TIM5_IRQHandler                          0x0800026f   Thumb Code     0  startup_stm32f40_41xxx.o(.text)
    TIM6_DAC_IRQHandler                      0x0800026f   Thumb Code     0  startup_stm32f40_41xxx.o(.text)
    TIM7_IRQHandler                          0x0800026f   Thumb Code     0  startup_stm32f40_41xxx.o(.text)
    TIM8_BRK_TIM12_IRQHandler                0x0800026f   Thumb Code     0  startup_stm32f40_41xxx.o(.text)
    TIM8_CC_IRQHandler                       0x0800026f   Thumb Code     0  startup_stm32f40_41xxx.o(.text)
    TIM8_TRG_COM_TIM14_IRQHandler            0x0800026f   Thumb Code     0  startup_stm32f40_41xxx.o(.text)
    TIM8_UP_TIM13_IRQHandler                 0x0800026f   Thumb Code     0  startup_stm32f40_41xxx.o(.text)
    UART4_IRQHandler                         0x0800026f   Thumb Code     0  startup_stm32f40_41xxx.o(.text)
    UART5_IRQHandler                         0x0800026f   Thumb Code     0  startup_stm32f40_41xxx.o(.text)
    USART3_IRQHandler                        0x0800026f   Thumb Code     0  startup_stm32f40_41xxx.o(.text)
    WWDG_IRQHandler                          0x0800026f   Thumb Code     0  startup_stm32f40_41xxx.o(.text)
    __user_initial_stackheap                 0x08000271   Thumb Code     0  startup_stm32f40_41xxx.o(.text)
    __use_no_semihosting                     0x08000295   Thumb Code     2  use_no_semi_2.o(.text)
    __2printf                                0x08000299   Thumb Code    20  noretval__2printf.o(.text)
    __2sprintf                               0x080002b1   Thumb Code    34  noretval__2sprintf.o(.text)
    __printf                                 0x080002d9   Thumb Code   104  __printf.o(.text)
    _printf_str                              0x08000341   Thumb Code    82  _printf_str.o(.text)
    __aeabi_memclr4                          0x08000393   Thumb Code     0  rt_memclr_w.o(.text)
    __aeabi_memclr8                          0x08000393   Thumb Code     0  rt_memclr_w.o(.text)
    __rt_memclr_w                            0x08000393   Thumb Code    78  rt_memclr_w.o(.text)
    _memset_w                                0x08000397   Thumb Code     0  rt_memclr_w.o(.text)
    __use_two_region_memory                  0x080003e1   Thumb Code     2  heapauxi.o(.text)
    __rt_heap_escrow$2region                 0x080003e3   Thumb Code     2  heapauxi.o(.text)
    __rt_heap_expand$2region                 0x080003e5   Thumb Code     2  heapauxi.o(.text)
    __I$use$semihosting                      0x080003e7   Thumb Code     0  use_no_semi.o(.text)
    __use_no_semihosting_swi                 0x080003e7   Thumb Code     2  use_no_semi.o(.text)
    __read_errno                             0x080003e9   Thumb Code    10  _rserrno.o(.text)
    __set_errno                              0x080003f3   Thumb Code    12  _rserrno.o(.text)
    __lib_sel_fp_printf                      0x080003ff   Thumb Code     2  _printf_fp_dec.o(.text)
    _printf_fp_dec_real                      0x080005ad   Thumb Code   620  _printf_fp_dec.o(.text)
    _printf_char_common                      0x08000823   Thumb Code    32  _printf_char_common.o(.text)
    _sputc                                   0x08000849   Thumb Code    10  _sputc.o(.text)
    _printf_cs_common                        0x08000853   Thumb Code    20  _printf_char.o(.text)
    _printf_char                             0x08000867   Thumb Code    16  _printf_char.o(.text)
    _printf_string                           0x08000877   Thumb Code     8  _printf_char.o(.text)
    _printf_char_file                        0x08000881   Thumb Code    32  _printf_char_file.o(.text)
    __strtod_int                             0x080008e1   Thumb Code    88  strtod.o(.text)
    __rt_locale                              0x08000945   Thumb Code     8  rt_locale_intlibspace.o(.text)
    __aeabi_errno_addr                       0x0800094d   Thumb Code     8  rt_errno_addr_intlibspace.o(.text)
    __errno$intlibspace                      0x0800094d   Thumb Code     0  rt_errno_addr_intlibspace.o(.text)
    __rt_errno_addr$intlibspace              0x0800094d   Thumb Code     0  rt_errno_addr_intlibspace.o(.text)
    _ll_udiv10                               0x08000955   Thumb Code   138  lludiv10.o(.text)
    isspace                                  0x080009df   Thumb Code    18  isspace.o(.text)
    _printf_fp_infnan                        0x080009f1   Thumb Code   112  _printf_fp_infnan.o(.text)
    _sgetc                                   0x08000a71   Thumb Code    30  _sgetc.o(.text)
    _sbackspace                              0x08000a8f   Thumb Code    34  _sgetc.o(.text)
    _btod_etento                             0x08000ab1   Thumb Code   216  bigflt0.o(.text)
    ferror                                   0x08000b8d   Thumb Code     8  ferror.o(.text)
    __user_libspace                          0x08000b95   Thumb Code     8  libspace.o(.text)
    __user_perproc_libspace                  0x08000b95   Thumb Code     0  libspace.o(.text)
    __user_perthread_libspace                0x08000b95   Thumb Code     0  libspace.o(.text)
    __user_setup_stackheap                   0x08000b9d   Thumb Code    74  sys_stackheap_outer.o(.text)
    __rt_ctype_table                         0x08000be9   Thumb Code    16  rt_ctype_table.o(.text)
    _scanf_really_real                       0x08000df5   Thumb Code   668  scanf_fp.o(.text)
    exit                                     0x0800109d   Thumb Code    12  exit.o(.text)
    strcmp                                   0x080010a9   Thumb Code   128  strcmpv7m.o(.text)
    _scanf_really_hex_real                   0x08001129   Thumb Code   778  scanf_hexfp.o(.text)
    _scanf_really_infnan                     0x08001441   Thumb Code   292  scanf_infnan.o(.text)
    __aeabi_llsl                             0x08001575   Thumb Code     0  llshl.o(.text)
    _ll_shift_l                              0x08001575   Thumb Code    38  llshl.o(.text)
    _chval                                   0x0800159b   Thumb Code    28  _chval.o(.text)
    _btod_d2e                                0x080015b7   Thumb Code    62  btod.o(CL$$btod_d2e)
    _d2e_denorm_low                          0x080015f5   Thumb Code    70  btod.o(CL$$btod_d2e_denorm_low)
    _d2e_norm_op1                            0x0800163b   Thumb Code    96  btod.o(CL$$btod_d2e_norm_op1)
    __btod_div_common                        0x0800169b   Thumb Code   696  btod.o(CL$$btod_div_common)
    _e2d                                     0x080019d5   Thumb Code    80  btod.o(CL$$btod_e2d)
    _e2e                                     0x08001a29   Thumb Code   198  btod.o(CL$$btod_e2e)
    _btod_ediv                               0x08001aef   Thumb Code    40  btod.o(CL$$btod_ediv)
    _btod_edivd                              0x08001b17   Thumb Code    40  btod.o(CL$$btod_edivd)
    _btod_emul                               0x08001b3f   Thumb Code    40  btod.o(CL$$btod_emul)
    _btod_emuld                              0x08001b67   Thumb Code    40  btod.o(CL$$btod_emuld)
    __btod_mult_common                       0x08001b8f   Thumb Code   580  btod.o(CL$$btod_mult_common)
    BusFault_Handler                         0x08001dd3   Thumb Code     4  stm32f4xx_it.o(i.BusFault_Handler)
    DebugMon_Handler                         0x08001dd7   Thumb Code     2  stm32f4xx_it.o(i.DebugMon_Handler)
    END                                      0x08001dd9   Thumb Code    78  mission.o(i.END)
    Encoder_Reset                            0x08001e45   Thumb Code    26  encoder.o(i.Encoder_Reset)
    Encoder_TIM2_Init                        0x08001e69   Thumb Code   178  encoder.o(i.Encoder_TIM2_Init)
    Encoder_TIM2_TIM4_TIM9_Init              0x08001f21   Thumb Code    52  encoder.o(i.Encoder_TIM2_TIM4_TIM9_Init)
    Encoder_TIM4_Init                        0x08001f61   Thumb Code   174  encoder.o(i.Encoder_TIM4_Init)
    FUNC                                     0x08002019   Thumb Code   480  func.o(i.FUNC)
    GPIO_Init                                0x0800221d   Thumb Code   144  stm32f4xx_gpio.o(i.GPIO_Init)
    GPIO_PinAFConfig                         0x080022ad   Thumb Code    70  stm32f4xx_gpio.o(i.GPIO_PinAFConfig)
    HW_Init                                  0x080022f5   Thumb Code    42  hcsr.o(i.HW_Init)
    HardFault_Handler                        0x08002325   Thumb Code     4  stm32f4xx_it.o(i.HardFault_Handler)
    LED_Init                                 0x08002329   Thumb Code    56  led.o(i.LED_Init)
    MOTO2_TIM3_A4950_Init                    0x08002369   Thumb Code   234  moto2.o(i.MOTO2_TIM3_A4950_Init)
    MemManage_Handler                        0x08002461   Thumb Code     4  stm32f4xx_it.o(i.MemManage_Handler)
    NMI_Handler                              0x08002465   Thumb Code     2  stm32f4xx_it.o(i.NMI_Handler)
    NVIC_Init                                0x08002469   Thumb Code   106  misc.o(i.NVIC_Init)
    OS                                       0x080024e1   Thumb Code    32  mission.o(i.OS)
    PUT_TEST_HW                              0x08002509   Thumb Code    86  hcsr.o(i.PUT_TEST_HW)
    PendSV_Handler                           0x08002571   Thumb Code     2  stm32f4xx_it.o(i.PendSV_Handler)
    RCC_AHB1PeriphClockCmd                   0x08002575   Thumb Code    26  stm32f4xx_rcc.o(i.RCC_AHB1PeriphClockCmd)
    RCC_APB1PeriphClockCmd                   0x08002595   Thumb Code    26  stm32f4xx_rcc.o(i.RCC_APB1PeriphClockCmd)
    RCC_APB2PeriphClockCmd                   0x080025b5   Thumb Code    26  stm32f4xx_rcc.o(i.RCC_APB2PeriphClockCmd)
    RCC_GetClocksFreq                        0x080025d5   Thumb Code   214  stm32f4xx_rcc.o(i.RCC_GetClocksFreq)
    RESET_ALL                                0x080026bd   Thumb Code    66  func.o(i.RESET_ALL)
    RGBLED_Init                              0x0800271d   Thumb Code    64  led.o(i.RGBLED_Init)
    Renew_Encoder                            0x08002769   Thumb Code   322  encoder.o(i.Renew_Encoder)
    SVC_Handler                              0x080028c5   Thumb Code     2  stm32f4xx_it.o(i.SVC_Handler)
    SysTick_CLKSourceConfig                  0x08002965   Thumb Code    40  misc.o(i.SysTick_CLKSourceConfig)
    SysTick_Handler                          0x0800298d   Thumb Code     2  stm32f4xx_it.o(i.SysTick_Handler)
    SystemInit                               0x08002991   Thumb Code    88  system_stm32f4xx.o(i.SystemInit)
    TIM10_IRQ_CallBack                       0x08002b1d   Thumb Code    66  timer.o(i.TIM10_IRQ_CallBack)
    TIM10_IRQ_Init                           0x08002b75   Thumb Code    98  timer.o(i.TIM10_IRQ_Init)
    TIM11_IRQ_CallBack                       0x08002bdd   Thumb Code     2  hcsr.o(i.TIM11_IRQ_CallBack)
    TIM1_BRK_TIM9_IRQHandler                 0x08002be1   Thumb Code    26  encoder.o(i.TIM1_BRK_TIM9_IRQHandler)
    TIM1_TRG_COM_TIM11_IRQHandler            0x08002c01   Thumb Code    26  hcsr.o(i.TIM1_TRG_COM_TIM11_IRQHandler)
    TIM1_UP_TIM10_IRQHandler                 0x08002c21   Thumb Code    26  timer.o(i.TIM1_UP_TIM10_IRQHandler)
    TIM9_encoder_NV                          0x08002c41   Thumb Code   100  encoder.o(i.TIM9_encoder_NV)
    TIM_ClearFlag                            0x08002ca9   Thumb Code     6  stm32f4xx_tim.o(i.TIM_ClearFlag)
    TIM_ClearITPendingBit                    0x08002caf   Thumb Code     6  stm32f4xx_tim.o(i.TIM_ClearITPendingBit)
    TIM_Cmd                                  0x08002cb5   Thumb Code    24  stm32f4xx_tim.o(i.TIM_Cmd)
    TIM_EncoderInterfaceConfig               0x08002ccd   Thumb Code    66  stm32f4xx_tim.o(i.TIM_EncoderInterfaceConfig)
    TIM_GetITStatus                          0x08002d0f   Thumb Code    34  stm32f4xx_tim.o(i.TIM_GetITStatus)
    TIM_ICInit                               0x08002d31   Thumb Code   110  stm32f4xx_tim.o(i.TIM_ICInit)
    TIM_ICStructInit                         0x08002d9f   Thumb Code    18  stm32f4xx_tim.o(i.TIM_ICStructInit)
    TIM_ITConfig                             0x08002db1   Thumb Code    18  stm32f4xx_tim.o(i.TIM_ITConfig)
    TIM_OC1Init                              0x08002dc5   Thumb Code   114  stm32f4xx_tim.o(i.TIM_OC1Init)
    TIM_OC2Init                              0x08002e41   Thumb Code   154  stm32f4xx_tim.o(i.TIM_OC2Init)
    TIM_OC3Init                              0x08002ee5   Thumb Code   150  stm32f4xx_tim.o(i.TIM_OC3Init)
    TIM_OC4Init                              0x08002f85   Thumb Code   112  stm32f4xx_tim.o(i.TIM_OC4Init)
    TIM_SetCompare1                          0x08002ffd   Thumb Code     4  stm32f4xx_tim.o(i.TIM_SetCompare1)
    TIM_SetCompare2                          0x08003001   Thumb Code     4  stm32f4xx_tim.o(i.TIM_SetCompare2)
    TIM_SetCompare3                          0x08003005   Thumb Code     4  stm32f4xx_tim.o(i.TIM_SetCompare3)
    TIM_SetCompare4                          0x08003009   Thumb Code     4  stm32f4xx_tim.o(i.TIM_SetCompare4)
    TIM_SetIC1Prescaler                      0x0800300d   Thumb Code    18  stm32f4xx_tim.o(i.TIM_SetIC1Prescaler)
    TIM_SetIC2Prescaler                      0x0800301f   Thumb Code    26  stm32f4xx_tim.o(i.TIM_SetIC2Prescaler)
    TIM_SetIC3Prescaler                      0x08003039   Thumb Code    18  stm32f4xx_tim.o(i.TIM_SetIC3Prescaler)
    TIM_SetIC4Prescaler                      0x0800304b   Thumb Code    26  stm32f4xx_tim.o(i.TIM_SetIC4Prescaler)
    TIM_TimeBaseInit                         0x08003065   Thumb Code   104  stm32f4xx_tim.o(i.TIM_TimeBaseInit)
    USART1_IRQHandler                        0x080030e9   Thumb Code    94  usart.o(i.USART1_IRQHandler)
    USART2_IRQHandler                        0x0800315d   Thumb Code   312  usart2.o(i.USART2_IRQHandler)
    USART6_IRQHandler                        0x080032cd   Thumb Code    76  usart6.o(i.USART6_IRQHandler)
    USART_Cmd                                0x0800332d   Thumb Code    24  stm32f4xx_usart.o(i.USART_Cmd)
    USART_GetITStatus                        0x08003345   Thumb Code    84  stm32f4xx_usart.o(i.USART_GetITStatus)
    USART_ITConfig                           0x08003399   Thumb Code    74  stm32f4xx_usart.o(i.USART_ITConfig)
    USART_Init                               0x080033e5   Thumb Code   204  stm32f4xx_usart.o(i.USART_Init)
    USART_ReceiveData                        0x080034b9   Thumb Code    10  stm32f4xx_usart.o(i.USART_ReceiveData)
    USART_SendData                           0x080034c3   Thumb Code     8  stm32f4xx_usart.o(i.USART_SendData)
    UsageFault_Handler                       0x080034cb   Thumb Code     4  stm32f4xx_it.o(i.UsageFault_Handler)
    VL53L0_parse                             0x080034cf   Thumb Code    78  uart_parse.o(i.VL53L0_parse)
    __ARM_fpclassify                         0x0800351d   Thumb Code    48  fpclassify.o(i.__ARM_fpclassify)
    __hardfp_atof                            0x08003551   Thumb Code    44  atof.o(i.__hardfp_atof)
    __hardfp_ldexp                           0x08003589   Thumb Code   200  ldexp.o(i.__hardfp_ldexp)
    __mathlib_dbl_overflow                   0x08003659   Thumb Code    24  dunder.o(i.__mathlib_dbl_overflow)
    __mathlib_dbl_underflow                  0x08003679   Thumb Code    24  dunder.o(i.__mathlib_dbl_underflow)
    __mathlib_narrow                         0x08003699   Thumb Code   166  narrow.o(i.__mathlib_narrow)
    __support_ldexp                          0x08003751   Thumb Code    20  ldexp.o(i.__support_ldexp)
    _is_digit                                0x08003765   Thumb Code    14  __printf_wp.o(i._is_digit)
    _sys_exit                                0x08003773   Thumb Code     4  usart.o(i._sys_exit)
    delay_init                               0x08003779   Thumb Code    52  delay.o(i.delay_init)
    delay_ms                                 0x080037b5   Thumb Code    56  delay.o(i.delay_ms)
    delay_xms                                0x080037ed   Thumb Code    72  delay.o(i.delay_xms)
    find_num1                                0x08003839   Thumb Code     6  func.o(i.find_num1)
    find_num2                                0x08003841   Thumb Code   116  func.o(i.find_num2)
    fputc                                    0x080038cd   Thumb Code    32  usart.o(i.fputc)
    frexp                                    0x080038f1   Thumb Code   118  frexp.o(i.frexp)
    go                                       0x0800397d   Thumb Code   234  func.o(i.go)
    go_reset                                 0x08003a79   Thumb Code    20  func.o(i.go_reset)
    host                                     0x08003a95   Thumb Code  1942  mission.o(i.host)
    main                                     0x0800423d   Thumb Code    92  main.o(i.main)
    maxlist                                  0x080042a9   Thumb Code    36  func.o(i.maxlist)
    moto_duty1                               0x080042cd   Thumb Code    30  moto2.o(i.moto_duty1)
    moto_duty2                               0x080042f1   Thumb Code    30  moto2.o(i.moto_duty2)
    moto_duty3                               0x08004315   Thumb Code    30  moto2.o(i.moto_duty3)
    moto_duty4                               0x08004339   Thumb Code    30  moto2.o(i.moto_duty4)
    moto_go1                                 0x0800435d   Thumb Code    64  moto2.o(i.moto_go1)
    moto_go2                                 0x0800439d   Thumb Code    64  moto2.o(i.moto_go2)
    moto_mov1                                0x080043dd   Thumb Code   108  moto2.o(i.moto_mov1)
    moto_mov2                                0x08004455   Thumb Code   106  moto2.o(i.moto_mov2)
    moto_stop                                0x080044cd   Thumb Code   116  moto2.o(i.moto_stop)
    mov                                      0x08004551   Thumb Code   254  func.o(i.mov)
    mov_reset                                0x08004671   Thumb Code    20  func.o(i.mov_reset)
    myatof                                   0x0800468d   Thumb Code   230  uart_parse.o(i.myatof)
    pid_init3                                0x08004779   Thumb Code    28  pid.o(i.pid_init3)
    pid_reset                                0x08004795   Thumb Code    14  pid.o(i.pid_reset)
    pid_work                                 0x080047a5   Thumb Code   486  pid.o(i.pid_work)
    printarray                               0x08004991   Thumb Code    26  uart_parse.o(i.printarray)
    printfloat                               0x080049b5   Thumb Code    32  uart_parse.o(i.printfloat)
    sbz_format                               0x080049d5   Thumb Code   138  uart_parse.o(i.sbz_format)
    sbz_parse                                0x08004a69   Thumb Code   126  uart_parse.o(i.sbz_parse)
    slave                                    0x08004ae9   Thumb Code   968  mission.o(i.slave)
    sum                                      0x08004ec1   Thumb Code    24  func.o(i.sum)
    target_num                               0x08004ed9   Thumb Code    70  func.o(i.target_num)
    turn                                     0x08004f31   Thumb Code   102  func.o(i.turn)
    uart2_init                               0x08004fa1   Thumb Code   162  usart2.o(i.uart2_init)
    uart_init                                0x0800504d   Thumb Code   166  usart.o(i.uart_init)
    wifi_target_num                          0x080050fd   Thumb Code    60  func.o(i.wifi_target_num)
    xgo                                      0x08005141   Thumb Code   632  func.o(i.xgo)
    xgo_reset                                0x080053e9   Thumb Code    48  func.o(i.xgo_reset)
    xmov                                     0x0800542d   Thumb Code     4  func.o(i.xmov)
    xun                                      0x08005431   Thumb Code   128  func.o(i.xun)
    xun_reset                                0x080054c1   Thumb Code    20  func.o(i.xun_reset)
    _get_lc_numeric                          0x080054dd   Thumb Code    44  lc_numeric_c.o(locale$$code)
    _get_lc_ctype                            0x08005509   Thumb Code    44  lc_ctype_c.o(locale$$code)
    __aeabi_d2f                              0x08005535   Thumb Code     0  d2f.o(x$fpl$d2f)
    _d2f                                     0x08005535   Thumb Code    98  d2f.o(x$fpl$d2f)
    __fpl_dcheck_NaN1                        0x08005599   Thumb Code    10  dcheck1.o(x$fpl$dcheck1)
    __fpl_dcmp_Inf                           0x080055a9   Thumb Code    24  dcmpi.o(x$fpl$dcmpinf)
    __aeabi_cdcmpeq                          0x080055c1   Thumb Code     0  deqf.o(x$fpl$deqf)
    _dcmpeq                                  0x080055c1   Thumb Code   120  deqf.o(x$fpl$deqf)
    __aeabi_cdcmple                          0x08005639   Thumb Code     0  dleqf.o(x$fpl$dleqf)
    _dcmple                                  0x08005639   Thumb Code   120  dleqf.o(x$fpl$dleqf)
    __fpl_dcmple_InfNaN                      0x0800569b   Thumb Code     0  dleqf.o(x$fpl$dleqf)
    __aeabi_dmul                             0x080056b1   Thumb Code     0  dmul.o(x$fpl$dmul)
    _dmul                                    0x080056b1   Thumb Code   332  dmul.o(x$fpl$dmul)
    __fpl_dnaninf                            0x08005805   Thumb Code   156  dnaninf.o(x$fpl$dnaninf)
    __fpl_dretinf                            0x080058a1   Thumb Code    12  dretinf.o(x$fpl$dretinf)
    __aeabi_cdrcmple                         0x080058ad   Thumb Code     0  drleqf.o(x$fpl$drleqf)
    _drcmple                                 0x080058ad   Thumb Code   108  drleqf.o(x$fpl$drleqf)
    __aeabi_f2d                              0x08005919   Thumb Code     0  f2d.o(x$fpl$f2d)
    _f2d                                     0x08005919   Thumb Code    86  f2d.o(x$fpl$f2d)
    __fpl_fnaninf                            0x0800596f   Thumb Code   140  fnaninf.o(x$fpl$fnaninf)
    _fp_init                                 0x080059fb   Thumb Code    10  fpinit.o(x$fpl$fpinit)
    __fplib_config_fpu_vfp                   0x08005a03   Thumb Code     0  fpinit.o(x$fpl$fpinit)
    __fplib_config_pureend_doubles           0x08005a03   Thumb Code     0  fpinit.o(x$fpl$fpinit)
    __fpl_fretinf                            0x08005a05   Thumb Code    10  fretinf.o(x$fpl$fretinf)
    _printf_fp_dec                           0x08005a0f   Thumb Code     4  printf1.o(x$fpl$printf1)
    __fpl_return_NaN                         0x08005a13   Thumb Code   100  retnan.o(x$fpl$retnan)
    __ARM_scalbn                             0x08005a77   Thumb Code    92  scalbn.o(x$fpl$scalbn)
    _scanf_real                              0x08005ad3   Thumb Code     4  scanf1.o(x$fpl$scanf1)
    _scanf_hex_real                          0x08005ad7   Thumb Code     4  scanf2.o(x$fpl$scanf2)
    _scanf_infnan                            0x08005adb   Thumb Code     4  scanf2.o(x$fpl$scanf2)
    __fpl_cmpreturn                          0x08005adf   Thumb Code    48  trapv.o(x$fpl$trapveneer)
    __I$use$fp                               0x08005b0e   Number         0  usenofp.o(x$fpl$usenofp)
    Region$$Table$$Base                      0x08005ba4   Number         0  anon$$obj.o(Region$$Table)
    Region$$Table$$Limit                     0x08005bc4   Number         0  anon$$obj.o(Region$$Table)
    __aeabi_HUGE_VAL                         0x08005bc4   Data           0  fpconst.o(c$$dinf)
    __aeabi_HUGE_VALL                        0x08005bc4   Data           0  fpconst.o(c$$dinf)
    __aeabi_INFINITY                         0x08005bc4   Data           0  fpconst.o(c$$dinf)
    __dInf                                   0x08005bc4   Data           0  fpconst.o(c$$dinf)
    __huge_val                               0x08005bc4   Data           0  fpconst.o(c$$dinf)
    __ctype                                  0x08005bf5   Data           0  lc_ctype_c.o(locale$$data)
    STEP                                     0x20000000   Data           4  mission.o(.data)
    target_step                              0x20000004   Data           4  mission.o(.data)
    MODE                                     0x20000008   Data           4  mission.o(.data)
    TARGET_NUM                               0x2000000c   Data           4  func.o(.data)
    NUM_FLAG                                 0x20000010   Data           4  func.o(.data)
    newT                                     0x20000014   Data           4  func.o(.data)
    XUN_MIDDLE_VALUE                         0x20000018   Data           4  func.o(.data)
    MOTO2                                    0x2000001c   Data           4  func.o(.data)
    MOTO4                                    0x20000020   Data           4  func.o(.data)
    MAX_SPEED                                0x20000024   Data           4  func.o(.data)
    TURN_RADIUS_L                            0x20000028   Data           4  func.o(.data)
    TURN_RADIUS_R                            0x2000002c   Data           4  func.o(.data)
    enstop                                   0x20000030   Data           4  func.o(.data)
    ack_flag                                 0x20000034   Data           4  func.o(.data)
    __stdout                                 0x2000003c   Data           4  usart.o(.data)
    uart1_res_flag                           0x20000040   Data           4  usart.o(.data)
    u1                                       0x20000044   Data           8  usart.o(.data)
    USART1_RX_STA                            0x2000004c   Data           2  usart.o(.data)
    USART2_RX_STA                            0x20000050   Data           2  usart2.o(.data)
    uart2_res_flag                           0x20000054   Data           4  usart2.o(.data)
    LED_COUNT                                0x20000058   Data           4  usart2.o(.data)
    UNUM1                                    0x2000005c   Data           4  usart2.o(.data)
    UNUM2                                    0x20000060   Data           4  usart2.o(.data)
    NNUM                                     0x20000064   Data           4  usart2.o(.data)
    LEN1                                     0x20000068   Data           4  usart2.o(.data)
    LEN2                                     0x2000006c   Data           4  usart2.o(.data)
    u21                                      0x20000070   Data           4  usart2.o(.data)
    USART6_RX_STA                            0x20000074   Data           2  usart6.o(.data)
    uart6_res_flag                           0x20000078   Data           4  usart6.o(.data)
    U6COUNT                                  0x2000007c   Data           4  usart6.o(.data)
    WIFI_FLAG                                0x20000080   Data           4  wifi.o(.data)
    WIFI_Remote_Mode                         0x20000084   Data           4  wifi.o(.data)
    WIFI_Remote_Enable                       0x20000088   Data           4  wifi.o(.data)
    PUT_FLAG                                 0x2000008c   Data           4  hcsr.o(.data)
    PUT_TEST_FLAG                            0x20000090   Data           4  hcsr.o(.data)
    PUT_TARGET                               0x20000094   Data           4  hcsr.o(.data)
    MOTO_MODE                                0x20000098   Data           4  moto2.o(.data)
    N                                        0x200000ac   Data          32  func.o(.bss)
    NUMBER                                   0x200000cc   Data          32  func.o(.bss)
    N1                                       0x200000ec   Data          32  func.o(.bss)
    N2                                       0x2000010c   Data          32  func.o(.bss)
    pid_mov_v2                               0x2000012c   Data          76  func.o(.bss)
    pid_mov_v4                               0x20000178   Data          76  func.o(.bss)
    pid_go_x2                                0x200001c4   Data          76  func.o(.bss)
    pid_go_x4                                0x20000210   Data          76  func.o(.bss)
    pid_xgo                                  0x2000025c   Data          76  func.o(.bss)
    pid_xmov                                 0x200002a8   Data          76  func.o(.bss)
    pid_xun_k                                0x200002f4   Data          76  func.o(.bss)
    pid_xun_r                                0x20000340   Data          76  func.o(.bss)
    USART_RX_BUF1                            0x2000038c   Data          50  usart.o(.bss)
    USART_RX_BUF2                            0x200003c0   Data          50  usart2.o(.bss)
    u2                                       0x200003f4   Data          12  usart2.o(.bss)
    USART_RX_BUF6                            0x20000400   Data         100  usart6.o(.bss)
    u6                                       0x20000464   Data          12  usart6.o(.bss)
    datatrans                                0x20000470   Data          50  uart_parse.o(.bss)
    encoder                                  0x200004a4   Data          64  encoder.o(.bss)
    roll_size                                0x200004e4   Data          16  encoder.o(.bss)
    __libspace_start                         0x200004f4   Data          96  libspace.o(.bss)
    __temporary_stack_top$libspace           0x20000554   Data           0  libspace.o(.bss)



==============================================================================

Memory Map of the image

  Image Entry point : 0x08000189

  Load Region LR_IROM1 (Base: 0x08000000, Size: 0x00005da4, Max: 0x00080000, ABSOLUTE)

    Execution Region ER_IROM1 (Base: 0x08000000, Size: 0x00005cf8, Max: 0x00080000, ABSOLUTE)

    Base Addr    Size         Type   Attr      Idx    E Section Name        Object

    0x08000000   0x00000188   Data   RO         1346    RESET               startup_stm32f40_41xxx.o
    0x08000188   0x00000008   Code   RO         6011  * !!!main             c_w.l(__main.o)
    0x08000190   0x00000034   Code   RO         6360    !!!scatter          c_w.l(__scatter.o)
    0x080001c4   0x0000001a   Code   RO         6362    !!handler_copy      c_w.l(__scatter_copy.o)
    0x080001de   0x00000002   PAD
    0x080001e0   0x0000001c   Code   RO         6364    !!handler_zi        c_w.l(__scatter_zi.o)
    0x080001fc   0x00000000   Code   RO         6006    .ARM.Collect$$_printf_percent$$00000000  c_w.l(_printf_percent.o)
    0x080001fc   0x00000006   Code   RO         6005    .ARM.Collect$$_printf_percent$$00000003  c_w.l(_printf_f.o)
    0x08000202   0x00000006   Code   RO         6003    .ARM.Collect$$_printf_percent$$00000014  c_w.l(_printf_s.o)
    0x08000208   0x00000004   Code   RO         6044    .ARM.Collect$$_printf_percent$$00000017  c_w.l(_printf_percent_end.o)
    0x0800020c   0x00000002   Code   RO         6147    .ARM.Collect$$libinit$$00000000  c_w.l(libinit.o)
    0x0800020e   0x00000004   Code   RO         6148    .ARM.Collect$$libinit$$00000001  c_w.l(libinit2.o)
    0x08000212   0x00000000   Code   RO         6151    .ARM.Collect$$libinit$$00000004  c_w.l(libinit2.o)
    0x08000212   0x00000000   Code   RO         6154    .ARM.Collect$$libinit$$0000000A  c_w.l(libinit2.o)
    0x08000212   0x00000000   Code   RO         6156    .ARM.Collect$$libinit$$0000000C  c_w.l(libinit2.o)
    0x08000212   0x00000000   Code   RO         6158    .ARM.Collect$$libinit$$0000000E  c_w.l(libinit2.o)
    0x08000212   0x00000006   Code   RO         6159    .ARM.Collect$$libinit$$0000000F  c_w.l(libinit2.o)
    0x08000218   0x00000000   Code   RO         6161    .ARM.Collect$$libinit$$00000011  c_w.l(libinit2.o)
    0x08000218   0x0000000c   Code   RO         6162    .ARM.Collect$$libinit$$00000012  c_w.l(libinit2.o)
    0x08000224   0x00000000   Code   RO         6163    .ARM.Collect$$libinit$$00000013  c_w.l(libinit2.o)
    0x08000224   0x00000000   Code   RO         6165    .ARM.Collect$$libinit$$00000015  c_w.l(libinit2.o)
    0x08000224   0x0000000a   Code   RO         6166    .ARM.Collect$$libinit$$00000016  c_w.l(libinit2.o)
    0x0800022e   0x00000000   Code   RO         6167    .ARM.Collect$$libinit$$00000017  c_w.l(libinit2.o)
    0x0800022e   0x00000000   Code   RO         6169    .ARM.Collect$$libinit$$00000019  c_w.l(libinit2.o)
    0x0800022e   0x00000000   Code   RO         6171    .ARM.Collect$$libinit$$0000001B  c_w.l(libinit2.o)
    0x0800022e   0x00000000   Code   RO         6173    .ARM.Collect$$libinit$$0000001D  c_w.l(libinit2.o)
    0x0800022e   0x00000000   Code   RO         6175    .ARM.Collect$$libinit$$0000001F  c_w.l(libinit2.o)
    0x0800022e   0x00000000   Code   RO         6177    .ARM.Collect$$libinit$$00000021  c_w.l(libinit2.o)
    0x0800022e   0x00000000   Code   RO         6179    .ARM.Collect$$libinit$$00000023  c_w.l(libinit2.o)
    0x0800022e   0x00000000   Code   RO         6181    .ARM.Collect$$libinit$$00000025  c_w.l(libinit2.o)
    0x0800022e   0x00000000   Code   RO         6185    .ARM.Collect$$libinit$$0000002C  c_w.l(libinit2.o)
    0x0800022e   0x00000000   Code   RO         6187    .ARM.Collect$$libinit$$0000002E  c_w.l(libinit2.o)
    0x0800022e   0x00000000   Code   RO         6189    .ARM.Collect$$libinit$$00000030  c_w.l(libinit2.o)
    0x0800022e   0x00000000   Code   RO         6191    .ARM.Collect$$libinit$$00000032  c_w.l(libinit2.o)
    0x0800022e   0x00000002   Code   RO         6192    .ARM.Collect$$libinit$$00000033  c_w.l(libinit2.o)
    0x08000230   0x00000002   Code   RO         6258    .ARM.Collect$$libshutdown$$00000000  c_w.l(libshutdown.o)
    0x08000232   0x00000000   Code   RO         6288    .ARM.Collect$$libshutdown$$00000003  c_w.l(libshutdown2.o)
    0x08000232   0x00000000   Code   RO         6291    .ARM.Collect$$libshutdown$$00000006  c_w.l(libshutdown2.o)
    0x08000232   0x00000000   Code   RO         6294    .ARM.Collect$$libshutdown$$00000009  c_w.l(libshutdown2.o)
    0x08000232   0x00000000   Code   RO         6296    .ARM.Collect$$libshutdown$$0000000B  c_w.l(libshutdown2.o)
    0x08000232   0x00000000   Code   RO         6299    .ARM.Collect$$libshutdown$$0000000E  c_w.l(libshutdown2.o)
    0x08000232   0x00000002   Code   RO         6300    .ARM.Collect$$libshutdown$$0000000F  c_w.l(libshutdown2.o)
    0x08000234   0x00000000   Code   RO         6029    .ARM.Collect$$rtentry$$00000000  c_w.l(__rtentry.o)
    0x08000234   0x00000000   Code   RO         6057    .ARM.Collect$$rtentry$$00000002  c_w.l(__rtentry2.o)
    0x08000234   0x00000006   Code   RO         6069    .ARM.Collect$$rtentry$$00000004  c_w.l(__rtentry4.o)
    0x0800023a   0x00000000   Code   RO         6059    .ARM.Collect$$rtentry$$00000009  c_w.l(__rtentry2.o)
    0x0800023a   0x00000004   Code   RO         6060    .ARM.Collect$$rtentry$$0000000A  c_w.l(__rtentry2.o)
    0x0800023e   0x00000000   Code   RO         6062    .ARM.Collect$$rtentry$$0000000C  c_w.l(__rtentry2.o)
    0x0800023e   0x00000008   Code   RO         6063    .ARM.Collect$$rtentry$$0000000D  c_w.l(__rtentry2.o)
    0x08000246   0x00000002   Code   RO         6193    .ARM.Collect$$rtexit$$00000000  c_w.l(rtexit.o)
    0x08000248   0x00000000   Code   RO         6220    .ARM.Collect$$rtexit$$00000002  c_w.l(rtexit2.o)
    0x08000248   0x00000004   Code   RO         6221    .ARM.Collect$$rtexit$$00000003  c_w.l(rtexit2.o)
    0x0800024c   0x00000006   Code   RO         6222    .ARM.Collect$$rtexit$$00000004  c_w.l(rtexit2.o)
    0x08000252   0x00000002   PAD
    0x08000254   0x00000040   Code   RO         1347    .text               startup_stm32f40_41xxx.o
    0x08000294   0x00000002   Code   RO         5967    .text               c_w.l(use_no_semi_2.o)
    0x08000296   0x00000002   PAD
    0x08000298   0x00000018   Code   RO         5973    .text               c_w.l(noretval__2printf.o)
    0x080002b0   0x00000028   Code   RO         5975    .text               c_w.l(noretval__2sprintf.o)
    0x080002d8   0x00000068   Code   RO         5977    .text               c_w.l(__printf.o)
    0x08000340   0x00000052   Code   RO         5979    .text               c_w.l(_printf_str.o)
    0x08000392   0x0000004e   Code   RO         6007    .text               c_w.l(rt_memclr_w.o)
    0x080003e0   0x00000006   Code   RO         6009    .text               c_w.l(heapauxi.o)
    0x080003e6   0x00000002   Code   RO         6027    .text               c_w.l(use_no_semi.o)
    0x080003e8   0x00000016   Code   RO         6030    .text               c_w.l(_rserrno.o)
    0x080003fe   0x0000041a   Code   RO         6034    .text               c_w.l(_printf_fp_dec.o)
    0x08000818   0x00000030   Code   RO         6036    .text               c_w.l(_printf_char_common.o)
    0x08000848   0x0000000a   Code   RO         6038    .text               c_w.l(_sputc.o)
    0x08000852   0x0000002c   Code   RO         6040    .text               c_w.l(_printf_char.o)
    0x0800087e   0x00000002   PAD
    0x08000880   0x00000024   Code   RO         6042    .text               c_w.l(_printf_char_file.o)
    0x080008a4   0x000000a0   Code   RO         6045    .text               c_w.l(strtod.o)
    0x08000944   0x00000008   Code   RO         6074    .text               c_w.l(rt_locale_intlibspace.o)
    0x0800094c   0x00000008   Code   RO         6079    .text               c_w.l(rt_errno_addr_intlibspace.o)
    0x08000954   0x0000008a   Code   RO         6081    .text               c_w.l(lludiv10.o)
    0x080009de   0x00000012   Code   RO         6083    .text               c_w.l(isspace.o)
    0x080009f0   0x00000080   Code   RO         6085    .text               c_w.l(_printf_fp_infnan.o)
    0x08000a70   0x00000040   Code   RO         6089    .text               c_w.l(_sgetc.o)
    0x08000ab0   0x000000dc   Code   RO         6091    .text               c_w.l(bigflt0.o)
    0x08000b8c   0x00000008   Code   RO         6116    .text               c_w.l(ferror.o)
    0x08000b94   0x00000008   Code   RO         6129    .text               c_w.l(libspace.o)
    0x08000b9c   0x0000004a   Code   RO         6132    .text               c_w.l(sys_stackheap_outer.o)
    0x08000be6   0x00000002   PAD
    0x08000be8   0x00000010   Code   RO         6134    .text               c_w.l(rt_ctype_table.o)
    0x08000bf8   0x000004a4   Code   RO         6136    .text               c_w.l(scanf_fp.o)
    0x0800109c   0x0000000c   Code   RO         6138    .text               c_w.l(exit.o)
    0x080010a8   0x00000080   Code   RO         6140    .text               c_w.l(strcmpv7m.o)
    0x08001128   0x00000318   Code   RO         6226    .text               c_w.l(scanf_hexfp.o)
    0x08001440   0x00000134   Code   RO         6228    .text               c_w.l(scanf_infnan.o)
    0x08001574   0x00000026   Code   RO         6248    .text               c_w.l(llshl.o)
    0x0800159a   0x0000001c   Code   RO         6250    .text               c_w.l(_chval.o)
    0x080015b6   0x0000003e   Code   RO         6094    CL$$btod_d2e        c_w.l(btod.o)
    0x080015f4   0x00000046   Code   RO         6096    CL$$btod_d2e_denorm_low  c_w.l(btod.o)
    0x0800163a   0x00000060   Code   RO         6095    CL$$btod_d2e_norm_op1  c_w.l(btod.o)
    0x0800169a   0x00000338   Code   RO         6104    CL$$btod_div_common  c_w.l(btod.o)
    0x080019d2   0x00000002   PAD
    0x080019d4   0x00000054   Code   RO         6102    CL$$btod_e2d        c_w.l(btod.o)
    0x08001a28   0x000000c6   Code   RO         6101    CL$$btod_e2e        c_w.l(btod.o)
    0x08001aee   0x00000028   Code   RO         6098    CL$$btod_ediv       c_w.l(btod.o)
    0x08001b16   0x00000028   Code   RO         6100    CL$$btod_edivd      c_w.l(btod.o)
    0x08001b3e   0x00000028   Code   RO         6097    CL$$btod_emul       c_w.l(btod.o)
    0x08001b66   0x00000028   Code   RO         6099    CL$$btod_emuld      c_w.l(btod.o)
    0x08001b8e   0x00000244   Code   RO         6103    CL$$btod_mult_common  c_w.l(btod.o)
    0x08001dd2   0x00000004   Code   RO         1275    i.BusFault_Handler  stm32f4xx_it.o
    0x08001dd6   0x00000002   Code   RO         1276    i.DebugMon_Handler  stm32f4xx_it.o
    0x08001dd8   0x0000006c   Code   RO          253    i.END               mission.o
    0x08001e44   0x00000024   Code   RO          987    i.Encoder_Reset     encoder.o
    0x08001e68   0x000000b8   Code   RO          988    i.Encoder_TIM2_Init  encoder.o
    0x08001f20   0x00000040   Code   RO          989    i.Encoder_TIM2_TIM4_TIM9_Init  encoder.o
    0x08001f60   0x000000b8   Code   RO          990    i.Encoder_TIM4_Init  encoder.o
    0x08002018   0x00000204   Code   RO          304    i.FUNC              func.o
    0x0800221c   0x00000090   Code   RO         1398    i.GPIO_Init         stm32f4xx_gpio.o
    0x080022ac   0x00000046   Code   RO         1399    i.GPIO_PinAFConfig  stm32f4xx_gpio.o
    0x080022f2   0x00000002   PAD
    0x080022f4   0x00000030   Code   RO          868    i.HW_Init           hcsr.o
    0x08002324   0x00000004   Code   RO         1277    i.HardFault_Handler  stm32f4xx_it.o
    0x08002328   0x00000040   Code   RO          829    i.LED_Init          led.o
    0x08002368   0x000000f8   Code   RO         1061    i.MOTO2_TIM3_A4950_Init  moto2.o
    0x08002460   0x00000004   Code   RO         1278    i.MemManage_Handler  stm32f4xx_it.o
    0x08002464   0x00000002   Code   RO         1279    i.NMI_Handler       stm32f4xx_it.o
    0x08002466   0x00000002   PAD
    0x08002468   0x00000078   Code   RO         1353    i.NVIC_Init         misc.o
    0x080024e0   0x00000028   Code   RO          254    i.OS                mission.o
    0x08002508   0x00000068   Code   RO          870    i.PUT_TEST_HW       hcsr.o
    0x08002570   0x00000002   Code   RO         1280    i.PendSV_Handler    stm32f4xx_it.o
    0x08002572   0x00000002   PAD
    0x08002574   0x00000020   Code   RO         1495    i.RCC_AHB1PeriphClockCmd  stm32f4xx_rcc.o
    0x08002594   0x00000020   Code   RO         1504    i.RCC_APB1PeriphClockCmd  stm32f4xx_rcc.o
    0x080025b4   0x00000020   Code   RO         1507    i.RCC_APB2PeriphClockCmd  stm32f4xx_rcc.o
    0x080025d4   0x000000e8   Code   RO         1516    i.RCC_GetClocksFreq  stm32f4xx_rcc.o
    0x080026bc   0x00000060   Code   RO          305    i.RESET_ALL         func.o
    0x0800271c   0x0000004c   Code   RO          830    i.RGBLED_Init       led.o
    0x08002768   0x0000015c   Code   RO          991    i.Renew_Encoder     encoder.o
    0x080028c4   0x00000002   Code   RO         1281    i.SVC_Handler       stm32f4xx_it.o
    0x080028c6   0x00000002   PAD
    0x080028c8   0x0000009c   Code   RO         1238    i.SetSysClock       system_stm32f4xx.o
    0x08002964   0x00000028   Code   RO         1357    i.SysTick_CLKSourceConfig  misc.o
    0x0800298c   0x00000002   Code   RO         1282    i.SysTick_Handler   stm32f4xx_it.o
    0x0800298e   0x00000002   PAD
    0x08002990   0x00000068   Code   RO         1240    i.SystemInit        system_stm32f4xx.o
    0x080029f8   0x0000003a   Code   RO         5343    i.TI1_Config        stm32f4xx_tim.o
    0x08002a32   0x00000050   Code   RO         5344    i.TI2_Config        stm32f4xx_tim.o
    0x08002a82   0x00000048   Code   RO         5345    i.TI3_Config        stm32f4xx_tim.o
    0x08002aca   0x00000050   Code   RO         5346    i.TI4_Config        stm32f4xx_tim.o
    0x08002b1a   0x00000002   PAD
    0x08002b1c   0x00000058   Code   RO          186    i.TIM10_IRQ_CallBack  timer.o
    0x08002b74   0x00000068   Code   RO          187    i.TIM10_IRQ_Init    timer.o
    0x08002bdc   0x00000002   Code   RO          871    i.TIM11_IRQ_CallBack  hcsr.o
    0x08002bde   0x00000002   PAD
    0x08002be0   0x00000020   Code   RO          992    i.TIM1_BRK_TIM9_IRQHandler  encoder.o
    0x08002c00   0x00000020   Code   RO          873    i.TIM1_TRG_COM_TIM11_IRQHandler  hcsr.o
    0x08002c20   0x00000020   Code   RO          188    i.TIM1_UP_TIM10_IRQHandler  timer.o
    0x08002c40   0x00000068   Code   RO          993    i.TIM9_encoder_NV   encoder.o
    0x08002ca8   0x00000006   Code   RO         5353    i.TIM_ClearFlag     stm32f4xx_tim.o
    0x08002cae   0x00000006   Code   RO         5354    i.TIM_ClearITPendingBit  stm32f4xx_tim.o
    0x08002cb4   0x00000018   Code   RO         5359    i.TIM_Cmd           stm32f4xx_tim.o
    0x08002ccc   0x00000042   Code   RO         5368    i.TIM_EncoderInterfaceConfig  stm32f4xx_tim.o
    0x08002d0e   0x00000022   Code   RO         5380    i.TIM_GetITStatus   stm32f4xx_tim.o
    0x08002d30   0x0000006e   Code   RO         5382    i.TIM_ICInit        stm32f4xx_tim.o
    0x08002d9e   0x00000012   Code   RO         5383    i.TIM_ICStructInit  stm32f4xx_tim.o
    0x08002db0   0x00000012   Code   RO         5384    i.TIM_ITConfig      stm32f4xx_tim.o
    0x08002dc2   0x00000002   PAD
    0x08002dc4   0x0000007c   Code   RO         5388    i.TIM_OC1Init       stm32f4xx_tim.o
    0x08002e40   0x000000a4   Code   RO         5393    i.TIM_OC2Init       stm32f4xx_tim.o
    0x08002ee4   0x000000a0   Code   RO         5398    i.TIM_OC3Init       stm32f4xx_tim.o
    0x08002f84   0x00000078   Code   RO         5403    i.TIM_OC4Init       stm32f4xx_tim.o
    0x08002ffc   0x00000004   Code   RO         5421    i.TIM_SetCompare1   stm32f4xx_tim.o
    0x08003000   0x00000004   Code   RO         5422    i.TIM_SetCompare2   stm32f4xx_tim.o
    0x08003004   0x00000004   Code   RO         5423    i.TIM_SetCompare3   stm32f4xx_tim.o
    0x08003008   0x00000004   Code   RO         5424    i.TIM_SetCompare4   stm32f4xx_tim.o
    0x0800300c   0x00000012   Code   RO         5426    i.TIM_SetIC1Prescaler  stm32f4xx_tim.o
    0x0800301e   0x0000001a   Code   RO         5427    i.TIM_SetIC2Prescaler  stm32f4xx_tim.o
    0x08003038   0x00000012   Code   RO         5428    i.TIM_SetIC3Prescaler  stm32f4xx_tim.o
    0x0800304a   0x0000001a   Code   RO         5429    i.TIM_SetIC4Prescaler  stm32f4xx_tim.o
    0x08003064   0x00000084   Code   RO         5431    i.TIM_TimeBaseInit  stm32f4xx_tim.o
    0x080030e8   0x00000074   Code   RO          514    i.USART1_IRQHandler  usart.o
    0x0800315c   0x00000170   Code   RO          617    i.USART2_IRQHandler  usart2.o
    0x080032cc   0x00000060   Code   RO          655    i.USART6_IRQHandler  usart6.o
    0x0800332c   0x00000018   Code   RO         1889    i.USART_Cmd         stm32f4xx_usart.o
    0x08003344   0x00000054   Code   RO         1893    i.USART_GetITStatus  stm32f4xx_usart.o
    0x08003398   0x0000004a   Code   RO         1895    i.USART_ITConfig    stm32f4xx_usart.o
    0x080033e2   0x00000002   PAD
    0x080033e4   0x000000d4   Code   RO         1896    i.USART_Init        stm32f4xx_usart.o
    0x080034b8   0x0000000a   Code   RO         1903    i.USART_ReceiveData  stm32f4xx_usart.o
    0x080034c2   0x00000008   Code   RO         1906    i.USART_SendData    stm32f4xx_usart.o
    0x080034ca   0x00000004   Code   RO         1283    i.UsageFault_Handler  stm32f4xx_it.o
    0x080034ce   0x0000004e   Code   RO          688    i.VL53L0_parse      uart_parse.o
    0x0800351c   0x00000030   Code   RO         6127    i.__ARM_fpclassify  m_wm.l(fpclassify.o)
    0x0800354c   0x00000004   PAD
    0x08003550   0x00000038   Code   RO         6021    i.__hardfp_atof     m_wm.l(atof.o)
    0x08003588   0x000000d0   Code   RO         6263    i.__hardfp_ldexp    m_wm.l(ldexp.o)
    0x08003658   0x00000020   Code   RO         6307    i.__mathlib_dbl_overflow  m_wm.l(dunder.o)
    0x08003678   0x00000020   Code   RO         6309    i.__mathlib_dbl_underflow  m_wm.l(dunder.o)
    0x08003698   0x000000b8   Code   RO         6212    i.__mathlib_narrow  m_wm.l(narrow.o)
    0x08003750   0x00000014   Code   RO         6265    i.__support_ldexp   m_wm.l(ldexp.o)
    0x08003764   0x0000000e   Code   RO         5993    i._is_digit         c_w.l(__printf_wp.o)
    0x08003772   0x00000004   Code   RO          515    i._sys_exit         usart.o
    0x08003776   0x00000002   PAD
    0x08003778   0x0000003c   Code   RO          474    i.delay_init        delay.o
    0x080037b4   0x00000038   Code   RO          475    i.delay_ms          delay.o
    0x080037ec   0x0000004c   Code   RO          477    i.delay_xms         delay.o
    0x08003838   0x00000006   Code   RO          306    i.find_num1         func.o
    0x0800383e   0x00000002   PAD
    0x08003840   0x0000008c   Code   RO          307    i.find_num2         func.o
    0x080038cc   0x00000024   Code   RO          516    i.fputc             usart.o
    0x080038f0   0x0000008c   Code   RO         6240    i.frexp             m_wm.l(frexp.o)
    0x0800397c   0x000000fc   Code   RO          308    i.go                func.o
    0x08003a78   0x0000001c   Code   RO          309    i.go_reset          func.o
    0x08003a94   0x000007a8   Code   RO          255    i.host              mission.o
    0x0800423c   0x0000006c   Code   RO            3    i.main              main.o
    0x080042a8   0x00000024   Code   RO          310    i.maxlist           func.o
    0x080042cc   0x00000024   Code   RO         1064    i.moto_duty1        moto2.o
    0x080042f0   0x00000024   Code   RO         1065    i.moto_duty2        moto2.o
    0x08004314   0x00000024   Code   RO         1066    i.moto_duty3        moto2.o
    0x08004338   0x00000024   Code   RO         1067    i.moto_duty4        moto2.o
    0x0800435c   0x00000040   Code   RO         1068    i.moto_go1          moto2.o
    0x0800439c   0x00000040   Code   RO         1069    i.moto_go2          moto2.o
    0x080043dc   0x00000078   Code   RO         1070    i.moto_mov1         moto2.o
    0x08004454   0x00000078   Code   RO         1071    i.moto_mov2         moto2.o
    0x080044cc   0x00000084   Code   RO         1072    i.moto_stop         moto2.o
    0x08004550   0x00000120   Code   RO          311    i.mov               func.o
    0x08004670   0x0000001c   Code   RO          312    i.mov_reset         func.o
    0x0800468c   0x000000ec   Code   RO          690    i.myatof            uart_parse.o
    0x08004778   0x0000001c   Code   RO         1189    i.pid_init3         pid.o
    0x08004794   0x0000000e   Code   RO         1191    i.pid_reset         pid.o
    0x080047a2   0x00000002   PAD
    0x080047a4   0x000001ec   Code   RO         1193    i.pid_work          pid.o
    0x08004990   0x00000024   Code   RO          691    i.printarray        uart_parse.o
    0x080049b4   0x00000020   Code   RO          692    i.printfloat        uart_parse.o
    0x080049d4   0x00000094   Code   RO          694    i.sbz_format        uart_parse.o
    0x08004a68   0x0000007e   Code   RO          695    i.sbz_parse         uart_parse.o
    0x08004ae6   0x00000002   PAD
    0x08004ae8   0x000003d8   Code   RO          257    i.slave             mission.o
    0x08004ec0   0x00000018   Code   RO          313    i.sum               func.o
    0x08004ed8   0x00000058   Code   RO          314    i.target_num        func.o
    0x08004f30   0x00000070   Code   RO          316    i.turn              func.o
    0x08004fa0   0x000000ac   Code   RO          618    i.uart2_init        usart2.o
    0x0800504c   0x000000b0   Code   RO          517    i.uart_init         usart.o
    0x080050fc   0x00000044   Code   RO          318    i.wifi_target_num   func.o
    0x08005140   0x000002a8   Code   RO          319    i.xgo               func.o
    0x080053e8   0x00000044   Code   RO          320    i.xgo_reset         func.o
    0x0800542c   0x00000004   Code   RO          321    i.xmov              func.o
    0x08005430   0x00000090   Code   RO          323    i.xun               func.o
    0x080054c0   0x0000001c   Code   RO          324    i.xun_reset         func.o
    0x080054dc   0x0000002c   Code   RO         6121    locale$$code        c_w.l(lc_numeric_c.o)
    0x08005508   0x0000002c   Code   RO         6196    locale$$code        c_w.l(lc_ctype_c.o)
    0x08005534   0x00000062   Code   RO         6013    x$fpl$d2f           fz_wm.l(d2f.o)
    0x08005596   0x00000002   PAD
    0x08005598   0x00000010   Code   RO         6328    x$fpl$dcheck1       fz_wm.l(dcheck1.o)
    0x080055a8   0x00000018   Code   RO         6259    x$fpl$dcmpinf       fz_wm.l(dcmpi.o)
    0x080055c0   0x00000078   Code   RO         6234    x$fpl$deqf          fz_wm.l(deqf.o)
    0x08005638   0x00000078   Code   RO         6261    x$fpl$dleqf         fz_wm.l(dleqf.o)
    0x080056b0   0x00000154   Code   RO         6015    x$fpl$dmul          fz_wm.l(dmul.o)
    0x08005804   0x0000009c   Code   RO         6047    x$fpl$dnaninf       fz_wm.l(dnaninf.o)
    0x080058a0   0x0000000c   Code   RO         6049    x$fpl$dretinf       fz_wm.l(dretinf.o)
    0x080058ac   0x0000006c   Code   RO         6236    x$fpl$drleqf        fz_wm.l(drleqf.o)
    0x08005918   0x00000056   Code   RO         6017    x$fpl$f2d           fz_wm.l(f2d.o)
    0x0800596e   0x0000008c   Code   RO         6051    x$fpl$fnaninf       fz_wm.l(fnaninf.o)
    0x080059fa   0x0000000a   Code   RO         6203    x$fpl$fpinit        fz_wm.l(fpinit.o)
    0x08005a04   0x0000000a   Code   RO         6053    x$fpl$fretinf       fz_wm.l(fretinf.o)
    0x08005a0e   0x00000004   Code   RO         6019    x$fpl$printf1       fz_wm.l(printf1.o)
    0x08005a12   0x00000064   Code   RO         6338    x$fpl$retnan        fz_wm.l(retnan.o)
    0x08005a76   0x0000005c   Code   RO         6301    x$fpl$scalbn        fz_wm.l(scalbn.o)
    0x08005ad2   0x00000004   Code   RO         6125    x$fpl$scanf1        fz_wm.l(scanf1.o)
    0x08005ad6   0x00000008   Code   RO         6205    x$fpl$scanf2        fz_wm.l(scanf2.o)
    0x08005ade   0x00000030   Code   RO         6356    x$fpl$trapveneer    fz_wm.l(trapv.o)
    0x08005b0e   0x00000000   Code   RO         6055    x$fpl$usenofp       fz_wm.l(usenofp.o)
    0x08005b0e   0x00000002   PAD
    0x08005b10   0x00000094   Data   RO         6092    .constdata          c_w.l(bigflt0.o)
    0x08005ba4   0x00000020   Data   RO         6358    Region$$Table       anon$$obj.o
    0x08005bc4   0x00000008   Data   RO         6200    c$$dinf             fz_wm.l(fpconst.o)
    0x08005bcc   0x0000001c   Data   RO         6120    locale$$data        c_w.l(lc_numeric_c.o)
    0x08005be8   0x00000110   Data   RO         6195    locale$$data        c_w.l(lc_ctype_c.o)


    Execution Region RW_IRAM1 (Base: 0x20000000, Size: 0x00000b58, Max: 0x00020000, ABSOLUTE)

    Base Addr    Size         Type   Attr      Idx    E Section Name        Object

    0x20000000   0x0000000c   Data   RW          258    .data               mission.o
    0x2000000c   0x0000002c   Data   RW          326    .data               func.o
    0x20000038   0x00000004   Data   RW          478    .data               delay.o
    0x2000003c   0x00000012   Data   RW          519    .data               usart.o
    0x2000004e   0x00000002   PAD
    0x20000050   0x00000024   Data   RW          620    .data               usart2.o
    0x20000074   0x0000000c   Data   RW          658    .data               usart6.o
    0x20000080   0x0000000c   Data   RW          772    .data               wifi.o
    0x2000008c   0x0000000c   Data   RW          876    .data               hcsr.o
    0x20000098   0x00000004   Data   RW         1073    .data               moto2.o
    0x2000009c   0x00000010   Data   RW         1548    .data               stm32f4xx_rcc.o
    0x200000ac   0x000002e0   Zero   RW          325    .bss                func.o
    0x2000038c   0x00000032   Zero   RW          518    .bss                usart.o
    0x200003be   0x00000002   PAD
    0x200003c0   0x00000040   Zero   RW          619    .bss                usart2.o
    0x20000400   0x00000070   Zero   RW          657    .bss                usart6.o
    0x20000470   0x00000032   Zero   RW          697    .bss                uart_parse.o
    0x200004a2   0x00000002   PAD
    0x200004a4   0x00000050   Zero   RW          996    .bss                encoder.o
    0x200004f4   0x00000060   Zero   RW         6130    .bss                c_w.l(libspace.o)
    0x20000554   0x00000004   PAD
    0x20000558   0x00000200   Zero   RW         1345    HEAP                startup_stm32f40_41xxx.o
    0x20000758   0x00000400   Zero   RW         1344    STACK               startup_stm32f40_41xxx.o


==============================================================================

Image component sizes


      Code (inc. data)   RO Data    RW Data    ZI Data      Debug   Object Name

       192         12          0          4          0       2036   delay.o
       952         74          0          0         80       5071   encoder.o
      2606        298          0         44        736      12370   func.o
       186         30          0         12          0       2889   hcsr.o
       140         20          0          0          0       1133   led.o
       108         16          0          0          0      52791   main.o
       160         14          0          0          0       1618   misc.o
      3092         88          0         12          0       4334   mission.o
       892         80          0          4          0       6342   moto2.o
       534          6          0          0          0       2075   pid.o
        64         26        392          0       1536        852   startup_stm32f40_41xxx.o
       214          0          0          0          0       1835   stm32f4xx_gpio.o
        26          0          0          0          0       4310   stm32f4xx_it.o
       328         36          0         16          0       4775   stm32f4xx_rcc.o
      1376         66          0          0          0      17159   stm32f4xx_tim.o
       412          8          0          0          0       4955   stm32f4xx_usart.o
       260         34          0          0          0       1045   system_stm32f4xx.o
       224         34          0          0          0     199961   timer.o
       656         26          0          0         50       5243   uart_parse.o
       332         36          0         18         50       4516   usart.o
       540         66          0         36         64       2306   usart2.o
        96         20          0         12        112       1308   usart6.o
         0          0          0         12          0        340   wifi.o

    ----------------------------------------------------------------------
     13416        990        424        172       2632     339264   Object Totals
         0          0         32          0          0          0   (incl. Generated)
        26          0          0          2          4          0   (incl. Padding)

    ----------------------------------------------------------------------

      Code (inc. data)   RO Data    RW Data    ZI Data      Debug   Library Member Name

         8          0          0          0          0         68   __main.o
       104          0          0          0          0         84   __printf.o
        14          0          0          0          0         68   __printf_wp.o
         0          0          0          0          0          0   __rtentry.o
        12          0          0          0          0          0   __rtentry2.o
         6          0          0          0          0          0   __rtentry4.o
        52          8          0          0          0          0   __scatter.o
        26          0          0          0          0          0   __scatter_copy.o
        28          0          0          0          0          0   __scatter_zi.o
        28          0          0          0          0         68   _chval.o
        44          0          0          0          0        108   _printf_char.o
        48          6          0          0          0         96   _printf_char_common.o
        36          4          0          0          0         80   _printf_char_file.o
         6          0          0          0          0          0   _printf_f.o
      1050          0          0          0          0        216   _printf_fp_dec.o
       128         16          0          0          0         84   _printf_fp_infnan.o
         0          0          0          0          0          0   _printf_percent.o
         4          0          0          0          0          0   _printf_percent_end.o
         6          0          0          0          0          0   _printf_s.o
        82          0          0          0          0         80   _printf_str.o
        22          0          0          0          0        100   _rserrno.o
        64          0          0          0          0         84   _sgetc.o
        10          0          0          0          0         68   _sputc.o
       220          4        148          0          0         96   bigflt0.o
      2074        132          0          0          0        940   btod.o
        12          0          0          0          0         72   exit.o
         8          0          0          0          0         68   ferror.o
         6          0          0          0          0        152   heapauxi.o
        18          0          0          0          0         76   isspace.o
        44         10        272          0          0         76   lc_ctype_c.o
        44         10         28          0          0         76   lc_numeric_c.o
         2          0          0          0          0          0   libinit.o
        34          0          0          0          0          0   libinit2.o
         2          0          0          0          0          0   libshutdown.o
         2          0          0          0          0          0   libshutdown2.o
         8          4          0          0         96         68   libspace.o
        38          0          0          0          0         68   llshl.o
       138          0          0          0          0         80   lludiv10.o
        24          4          0          0          0         84   noretval__2printf.o
        40          6          0          0          0         84   noretval__2sprintf.o
        16          4          0          0          0         76   rt_ctype_table.o
         8          4          0          0          0         68   rt_errno_addr_intlibspace.o
         8          4          0          0          0         68   rt_locale_intlibspace.o
        78          0          0          0          0         80   rt_memclr_w.o
         2          0          0          0          0          0   rtexit.o
        10          0          0          0          0          0   rtexit2.o
      1188         12          0          0          0        148   scanf_fp.o
       792         14          0          0          0        100   scanf_hexfp.o
       308         16          0          0          0        100   scanf_infnan.o
       128          0          0          0          0         68   strcmpv7m.o
       160         12          0          0          0        120   strtod.o
        74          0          0          0          0         80   sys_stackheap_outer.o
         2          0          0          0          0         68   use_no_semi.o
         2          0          0          0          0         68   use_no_semi_2.o
        98          4          0          0          0        140   d2f.o
        16          4          0          0          0        116   dcheck1.o
        24          0          0          0          0        116   dcmpi.o
       120          4          0          0          0        140   deqf.o
       120          4          0          0          0        140   dleqf.o
       340         12          0          0          0        152   dmul.o
       156          4          0          0          0        140   dnaninf.o
        12          0          0          0          0        116   dretinf.o
       108          0          0          0          0        128   drleqf.o
        86          4          0          0          0        132   f2d.o
       140          4          0          0          0        132   fnaninf.o
         0          0          8          0          0          0   fpconst.o
        10          0          0          0          0        116   fpinit.o
        10          0          0          0          0        116   fretinf.o
         4          0          0          0          0        116   printf1.o
       100          0          0          0          0        116   retnan.o
        92          0          0          0          0        116   scalbn.o
         4          0          0          0          0        116   scanf1.o
         8          0          0          0          0        132   scanf2.o
        48          0          0          0          0        116   trapv.o
         0          0          0          0          0          0   usenofp.o
        56         12          0          0          0        132   atof.o
        64         16          0          0          0        248   dunder.o
        48          0          0          0          0        124   fpclassify.o
       140         22          0          0          0        132   frexp.o
       228          8          0          0          0        308   ldexp.o
       184         18          0          0          0        152   narrow.o

    ----------------------------------------------------------------------
      9504        388        456          0        100       7680   Library Totals
        20          2          0          0          4          0   (incl. Padding)

    ----------------------------------------------------------------------

      Code (inc. data)   RO Data    RW Data    ZI Data      Debug   Library Name

      7268        270        448          0         96       4188   c_w.l
      1496         40          8          0          0       2396   fz_wm.l
       720         76          0          0          0       1096   m_wm.l

    ----------------------------------------------------------------------
      9504        388        456          0        100       7680   Library Totals

    ----------------------------------------------------------------------

==============================================================================


      Code (inc. data)   RO Data    RW Data    ZI Data      Debug   

     22920       1378        880        172       2732     331204   Grand Totals
     22920       1378        880        172       2732     331204   ELF Image Totals
     22920       1378        880        172          0          0   ROM Totals

==============================================================================

    Total RO  Size (Code + RO Data)                23800 (  23.24kB)
    Total RW  Size (RW Data + ZI Data)              2904 (   2.84kB)
    Total ROM Size (Code + RO Data + RW Data)      23972 (  23.41kB)

==============================================================================

